main.c:299:9:WaitDoseReady	16	static,ignoring_inline_asm
main.c:156:5:main	24	static
main.c:317:9:Welder_Check	24	static
main.c:509:6:SystemClock_Config	88	static
main.c:552:13:MX_SPI2_Init	8	static
main.c:590:13:MX_TIM3_Init	64	static
main.c:649:13:MX_TIM6_Init	16	static
main.c:687:13:MX_TIM7_Init	16	static
main.c:723:13:MX_DMA_Init	16	static
main.c:741:13:MX_GPIO_Init	56	static
main.c:852:6:Init	16	static
main.c:891:6:HAL_GPIO_EXTI_Callback	16	static
main.c:896:6:HAL_TIM_PeriodElapsedCallback	24	static,ignoring_inline_asm
main.c:960:6:toggle_func	16	static
main.c:981:6:macros1	16	static
main.c:995:6:HoldMotor	32	static
main.c:1019:6:HoldPrepareMotorUntill	16	static
main.c:1037:6:TimerMotor	32	static
main.c:1064:6:SetSteps1	16	static
main.c:1069:6:SetSteps2	16	static
main.c:1074:6:SetSteps0	16	static
main.c:1079:6:Delay	16	static,ignoring_inline_asm
main.c:1090:6:Error_Handler	8	static
