main.c:145:5:main	24	static
main.c:345:6:SystemClock_Config	88	static
main.c:388:13:MX_SPI2_Init	8	static
main.c:426:13:MX_TIM3_Init	64	static
main.c:485:13:MX_TIM6_Init	16	static
main.c:523:13:MX_TIM7_Init	16	static
main.c:559:13:MX_DMA_Init	16	static
main.c:577:13:MX_GPIO_Init	56	static
main.c:665:6:Init	16	static
main.c:704:6:HAL_GPIO_EXTI_Callback	16	static
main.c:709:6:HAL_TIM_PeriodElapsedCallback	24	static,ignoring_inline_asm
main.c:766:6:toggle_func	16	static
main.c:787:6:macros1	16	static
main.c:801:6:HoldMotor	24	static
main.c:825:6:HoldPrepareMotorUntill	16	static
main.c:844:6:TimerMotor	32	static
main.c:871:6:SetSteps1	16	static
main.c:876:6:SetSteps2	16	static
main.c:881:6:SetSteps0	16	static
main.c:886:6:Delay	16	static,ignoring_inline_asm
main.c:897:6:Error_Handler	8	static
