ST7920_lib.c:226:6:ST7920_logo_demonstration	24	static
ST7920_lib.c:255:13:ST7920_Send_command	24	static
ST7920_lib.c:270:13:ST7920_Send_data	24	static
ST7920_lib.c:285:6:ST7920_Init	16	static
ST7920_lib.c:311:6:ST7920_Send_symbol_text	24	static
ST7920_lib.c:343:6:ST7920_Graphic_mode	16	static
ST7920_lib.c:360:6:ST7920_Clean	16	static
ST7920_lib.c:381:6:ST7920_Draw_bitmap	24	static
ST7920_lib.c:418:6:ST7920_Draw_pixel	16	static
ST7920_lib.c:429:6:ST7920_Clean_pixel	16	static
ST7920_lib.c:440:6:ST7920_Update	8	static
ST7920_lib.c:448:6:print_symbol	24	static
ST7920_lib.c:475:6:ST7920_Decode_UTF8	32	static
ST7920_lib.c:554:6:ST7920_Inversion	16	static
ST7920_lib.c:565:6:ST7920_Clean_Frame_buffer	8	static
ST7920_lib.c:571:6:ST7920_Draw_line	48	static
ST7920_lib.c:597:6:ST7920_Draw_rectangle	24	static
ST7920_lib.c:621:6:ST7920_Draw_rectangle_filled	32	static
ST7920_lib.c:644:6:ST7920_Draw_circle	40	static
ST7920_lib.c:684:6:ST7920_Draw_circle_filled	40	static
ST7920_lib.c:721:6:ST7920_Draw_triangle	24	static
ST7920_lib.c:737:6:ST7920_Draw_triangle_filled	56	static
