Archive member included to satisfy reference by file (symbol)

s:/stmicroelectronics/stm32cubeide/stm32cubeide/plugins/com.st.stm32cube.ide.mcu.externaltools.gnu-tools-for-stm32.7-2018-q2-update.win32_1.0.0.201904181610/tools/bin/../lib/gcc/arm-none-eabi/7.3.1/../../../../arm-none-eabi/lib/thumb/v7e-m/fpv4-sp/hard\libc_nano.a(lib_a-errno.o)
                              Core/Src/syscalls.o (__errno)
s:/stmicroelectronics/stm32cubeide/stm32cubeide/plugins/com.st.stm32cube.ide.mcu.externaltools.gnu-tools-for-stm32.7-2018-q2-update.win32_1.0.0.201904181610/tools/bin/../lib/gcc/arm-none-eabi/7.3.1/../../../../arm-none-eabi/lib/thumb/v7e-m/fpv4-sp/hard\libc_nano.a(lib_a-exit.o)
                              s:/stmicroelectronics/stm32cubeide/stm32cubeide/plugins/com.st.stm32cube.ide.mcu.externaltools.gnu-tools-for-stm32.7-2018-q2-update.win32_1.0.0.201904181610/tools/bin/../lib/gcc/arm-none-eabi/7.3.1/../../../../arm-none-eabi/lib/thumb/v7e-m/fpv4-sp/hard/crt0.o (exit)
s:/stmicroelectronics/stm32cubeide/stm32cubeide/plugins/com.st.stm32cube.ide.mcu.externaltools.gnu-tools-for-stm32.7-2018-q2-update.win32_1.0.0.201904181610/tools/bin/../lib/gcc/arm-none-eabi/7.3.1/../../../../arm-none-eabi/lib/thumb/v7e-m/fpv4-sp/hard\libc_nano.a(lib_a-impure.o)
                              s:/stmicroelectronics/stm32cubeide/stm32cubeide/plugins/com.st.stm32cube.ide.mcu.externaltools.gnu-tools-for-stm32.7-2018-q2-update.win32_1.0.0.201904181610/tools/bin/../lib/gcc/arm-none-eabi/7.3.1/../../../../arm-none-eabi/lib/thumb/v7e-m/fpv4-sp/hard\libc_nano.a(lib_a-exit.o) (_global_impure_ptr)
s:/stmicroelectronics/stm32cubeide/stm32cubeide/plugins/com.st.stm32cube.ide.mcu.externaltools.gnu-tools-for-stm32.7-2018-q2-update.win32_1.0.0.201904181610/tools/bin/../lib/gcc/arm-none-eabi/7.3.1/../../../../arm-none-eabi/lib/thumb/v7e-m/fpv4-sp/hard\libc_nano.a(lib_a-init.o)
                              s:/stmicroelectronics/stm32cubeide/stm32cubeide/plugins/com.st.stm32cube.ide.mcu.externaltools.gnu-tools-for-stm32.7-2018-q2-update.win32_1.0.0.201904181610/tools/bin/../lib/gcc/arm-none-eabi/7.3.1/../../../../arm-none-eabi/lib/thumb/v7e-m/fpv4-sp/hard/crt0.o (__libc_init_array)
s:/stmicroelectronics/stm32cubeide/stm32cubeide/plugins/com.st.stm32cube.ide.mcu.externaltools.gnu-tools-for-stm32.7-2018-q2-update.win32_1.0.0.201904181610/tools/bin/../lib/gcc/arm-none-eabi/7.3.1/../../../../arm-none-eabi/lib/thumb/v7e-m/fpv4-sp/hard\libc_nano.a(lib_a-memset.o)
                              s:/stmicroelectronics/stm32cubeide/stm32cubeide/plugins/com.st.stm32cube.ide.mcu.externaltools.gnu-tools-for-stm32.7-2018-q2-update.win32_1.0.0.201904181610/tools/bin/../lib/gcc/arm-none-eabi/7.3.1/../../../../arm-none-eabi/lib/thumb/v7e-m/fpv4-sp/hard/crt0.o (memset)
s:/stmicroelectronics/stm32cubeide/stm32cubeide/plugins/com.st.stm32cube.ide.mcu.externaltools.gnu-tools-for-stm32.7-2018-q2-update.win32_1.0.0.201904181610/tools/bin/../lib/gcc/arm-none-eabi/7.3.1/../../../../arm-none-eabi/lib/thumb/v7e-m/fpv4-sp/hard\libc_nano.a(lib_a-nano-vfprintf_float.o)
                              (_printf_float)
s:/stmicroelectronics/stm32cubeide/stm32cubeide/plugins/com.st.stm32cube.ide.mcu.externaltools.gnu-tools-for-stm32.7-2018-q2-update.win32_1.0.0.201904181610/tools/bin/../lib/gcc/arm-none-eabi/7.3.1/../../../../arm-none-eabi/lib/thumb/v7e-m/fpv4-sp/hard\libc_nano.a(lib_a-nano-vfprintf_i.o)
                              s:/stmicroelectronics/stm32cubeide/stm32cubeide/plugins/com.st.stm32cube.ide.mcu.externaltools.gnu-tools-for-stm32.7-2018-q2-update.win32_1.0.0.201904181610/tools/bin/../lib/gcc/arm-none-eabi/7.3.1/../../../../arm-none-eabi/lib/thumb/v7e-m/fpv4-sp/hard\libc_nano.a(lib_a-nano-vfprintf_float.o) (_printf_common)
s:/stmicroelectronics/stm32cubeide/stm32cubeide/plugins/com.st.stm32cube.ide.mcu.externaltools.gnu-tools-for-stm32.7-2018-q2-update.win32_1.0.0.201904181610/tools/bin/../lib/gcc/arm-none-eabi/7.3.1/../../../../arm-none-eabi/lib/thumb/v7e-m/fpv4-sp/hard\libc_nano.a(lib_a-sprintf.o)
                              Core/Src/main.o (sprintf)
s:/stmicroelectronics/stm32cubeide/stm32cubeide/plugins/com.st.stm32cube.ide.mcu.externaltools.gnu-tools-for-stm32.7-2018-q2-update.win32_1.0.0.201904181610/tools/bin/../lib/gcc/arm-none-eabi/7.3.1/../../../../arm-none-eabi/lib/thumb/v7e-m/fpv4-sp/hard\libc_nano.a(lib_a-strlen.o)
                              Core/Src/ST7920_lib.o (strlen)
s:/stmicroelectronics/stm32cubeide/stm32cubeide/plugins/com.st.stm32cube.ide.mcu.externaltools.gnu-tools-for-stm32.7-2018-q2-update.win32_1.0.0.201904181610/tools/bin/../lib/gcc/arm-none-eabi/7.3.1/../../../../arm-none-eabi/lib/thumb/v7e-m/fpv4-sp/hard\libc_nano.a(lib_a-dtoa.o)
[...]
Memory Configuration

Name             Origin             Length             Attributes
CCMRAM           0x0000000010000000 0x0000000000010000 xrw
RAM              0x0000000020000000 0x0000000000020000 xrw
FLASH            0x0000000008000000 0x0000000000080000 xr
*default*        0x0000000000000000 0xffffffffffffffff

Linker script and memory map

LOAD s:/stmicroelectronics/stm32cubeide/stm32cubeide/plugins/com.st.stm32cube.ide.mcu.externaltools.gnu-tools-for-stm32.7-2018-q2-update.win32_1.0.0.201904181610/tools/bin/../lib/gcc/arm-none-eabi/7.3.1/thumb/v7e-m/fpv4-sp/hard/crti.o
LOAD s:/stmicroelectronics/stm32cubeide/stm32cubeide/plugins/com.st.stm32cube.ide.mcu.externaltools.gnu-tools-for-stm32.7-2018-q2-update.win32_1.0.0.201904181610/tools/bin/../lib/gcc/arm-none-eabi/7.3.1/thumb/v7e-m/fpv4-sp/hard/crtbegin.o
LOAD s:/stmicroelectronics/stm32cubeide/stm32cubeide/plugins/com.st.stm32cube.ide.mcu.externaltools.gnu-tools-for-stm32.7-2018-q2-update.win32_1.0.0.201904181610/tools/bin/../lib/gcc/arm-none-eabi/7.3.1/../../../../arm-none-eabi/lib/thumb/v7e-m/fpv4-sp/hard/crt0.o
LOAD Core/Src/ST7920_lib.o
LOAD Core/Src/main.o
LOAD Core/Src/stm32f4xx_hal_msp.o
LOAD Core/Src/stm32f4xx_it.o
LOAD Core/Src/syscalls.o
LOAD Core/Src/sysmem.o
LOAD Core/Src/system_stm32f4xx.o
LOAD Core/Startup/startup_stm32f407vetx.o
LOAD Drivers/STM32F4xx_HAL_Driver/Src/stm32f4xx_hal.o
LOAD Drivers/STM32F4xx_HAL_Driver/Src/stm32f4xx_hal_cortex.o
LOAD Drivers/STM32F4xx_HAL_Driver/Src/stm32f4xx_hal_dma.o
LOAD Drivers/STM32F4xx_HAL_Driver/Src/stm32f4xx_hal_dma_ex.o
LOAD Drivers/STM32F4xx_HAL_Driver/Src/stm32f4xx_hal_exti.o
LOAD Drivers/STM32F4xx_HAL_Driver/Src/stm32f4xx_hal_flash.o
LOAD Drivers/STM32F4xx_HAL_Driver/Src/stm32f4xx_hal_flash_ex.o
LOAD Drivers/STM32F4xx_HAL_Driver/Src/stm32f4xx_hal_flash_ramfunc.o
LOAD Drivers/STM32F4xx_HAL_Driver/Src/stm32f4xx_hal_gpio.o
LOAD Drivers/STM32F4xx_HAL_Driver/Src/stm32f4xx_hal_pwr.o
LOAD Drivers/STM32F4xx_HAL_Driver/Src/stm32f4xx_hal_pwr_ex.o
LOAD Drivers/STM32F4xx_HAL_Driver/Src/stm32f4xx_hal_rcc.o
LOAD Drivers/STM32F4xx_HAL_Driver/Src/stm32f4xx_hal_rcc_ex.o
LOAD Drivers/STM32F4xx_HAL_Driver/Src/stm32f4xx_hal_spi.o
LOAD Drivers/STM32F4xx_HAL_Driver/Src/stm32f4xx_hal_tim.o
LOAD Drivers/STM32F4xx_HAL_Driver/Src/stm32f4xx_hal_tim_ex.o
START GROUP
LOAD s:/stmicroelectronics/stm32cubeide/stm32cubeide/plugins/com.st.stm32cube.ide.mcu.externaltools.gnu-tools-for-stm32.7-2018-q2-update.win32_1.0.0.201904181610/tools/bin/../lib/gcc/arm-none-eabi/7.3.1/../../../../arm-none-eabi/lib/thumb/v7e-m/fpv4-sp/hard\libc_nano.a
LOAD s:/stmicroelectronics/stm32cubeide/stm32cubeide/plugins/com.st.stm32cube.ide.mcu.externaltools.gnu-tools-for-stm32.7-2018-q2-update.win32_1.0.0.201904181610/tools/bin/../lib/gcc/arm-none-eabi/7.3.1/../../../../arm-none-eabi/lib/thumb/v7e-m/fpv4-sp/hard\libm.a
END GROUP
START GROUP
LOAD s:/stmicroelectronics/stm32cubeide/stm32cubeide/plugins/com.st.stm32cube.ide.mcu.externaltools.gnu-tools-for-stm32.7-2018-q2-update.win32_1.0.0.201904181610/tools/bin/../lib/gcc/arm-none-eabi/7.3.1/thumb/v7e-m/fpv4-sp/hard\libgcc.a
LOAD s:/stmicroelectronics/stm32cubeide/stm32cubeide/plugins/com.st.stm32cube.ide.mcu.externaltools.gnu-tools-for-stm32.7-2018-q2-update.win32_1.0.0.201904181610/tools/bin/../lib/gcc/arm-none-eabi/7.3.1/../../../../arm-none-eabi/lib/thumb/v7e-m/fpv4-sp/hard\libc_nano.a
END GROUP
START GROUP
LOAD s:/stmicroelectronics/stm32cubeide/stm32cubeide/plugins/com.st.stm32cube.ide.mcu.externaltools.gnu-tools-for-stm32.7-2018-q2-update.win32_1.0.0.201904181610/tools/bin/../lib/gcc/arm-none-eabi/7.3.1/thumb/v7e-m/fpv4-sp/hard\libgcc.a
LOAD s:/stmicroelectronics/stm32cubeide/stm32cubeide/plugins/com.st.stm32cube.ide.mcu.externaltools.gnu-tools-for-stm32.7-2018-q2-update.win32_1.0.0.201904181610/tools/bin/../lib/gcc/arm-none-eabi/7.3.1/../../../../arm-none-eabi/lib/thumb/v7e-m/fpv4-sp/hard\libc_nano.a
LOAD s:/stmicroelectronics/stm32cubeide/stm32cubeide/plugins/com.st.stm32cube.ide.mcu.externaltools.gnu-tools-for-stm32.7-2018-q2-update.win32_1.0.0.201904181610/tools/bin/../lib/gcc/arm-none-eabi/7.3.1/../../../../arm-none-eabi/lib/thumb/v7e-m/fpv4-sp/hard\libnosys.a
END GROUP
START GROUP
LOAD s:/stmicroelectronics/stm32cubeide/stm32cubeide/plugins/com.st.stm32cube.ide.mcu.externaltools.gnu-tools-for-stm32.7-2018-q2-update.win32_1.0.0.201904181610/tools/bin/../lib/gcc/arm-none-eabi/7.3.1/thumb/v7e-m/fpv4-sp/hard\libgcc.a
LOAD s:/stmicroelectronics/stm32cubeide/stm32cubeide/plugins/com.st.stm32cube.ide.mcu.externaltools.gnu-tools-for-stm32.7-2018-q2-update.win32_1.0.0.201904181610/tools/bin/../lib/gcc/arm-none-eabi/7.3.1/../../../../arm-none-eabi/lib/thumb/v7e-m/fpv4-sp/hard\libc_nano.a
LOAD s:/stmicroelectronics/stm32cubeide/stm32cubeide/plugins/com.st.stm32cube.ide.mcu.externaltools.gnu-tools-for-stm32.7-2018-q2-update.win32_1.0.0.201904181610/tools/bin/../lib/gcc/arm-none-eabi/7.3.1/../../../../arm-none-eabi/lib/thumb/v7e-m/fpv4-sp/hard\libnosys.a
END GROUP
LOAD s:/stmicroelectronics/stm32cubeide/stm32cubeide/plugins/com.st.stm32cube.ide.mcu.externaltools.gnu-tools-for-stm32.7-2018-q2-update.win32_1.0.0.201904181610/tools/bin/../lib/gcc/arm-none-eabi/7.3.1/thumb/v7e-m/fpv4-sp/hard/crtend.o
LOAD s:/stmicroelectronics/stm32cubeide/stm32cubeide/plugins/com.st.stm32cube.ide.mcu.externaltools.gnu-tools-for-stm32.7-2018-q2-update.win32_1.0.0.201904181610/tools/bin/../lib/gcc/arm-none-eabi/7.3.1/thumb/v7e-m/fpv4-sp/hard/crtn.o
                0x0000000020020000                _estack = (ORIGIN (RAM) + LENGTH (RAM))
                0x0000000000000200                _Min_Heap_Size = 0x200
                0x0000000000000400                _Min_Stack_Size = 0x400

.isr_vector     0x0000000008000000      0x188
                0x0000000008000000                . = ALIGN (0x4)
 *(.isr_vector)
 .isr_vector    0x0000000008000000      0x188 Core/Startup/startup_stm32f407vetx.o
                0x0000000008000000                g_pfnVectors
                0x0000000008000188                . = ALIGN (0x4)

.text           0x0000000008000190     0x7968
                0x0000000008000190                . = ALIGN (0x4)
 *(.text)
 .text          0x0000000008000190       0x40 s:/stmicroelectronics/stm32cubeide/stm32cubeide/plugins/com.st.stm32cube.ide.mcu.externaltools.gnu-tools-for-stm32.7-2018-q2-update.win32_1.0.0.201904181610/tools/bin/../lib/gcc/arm-none-eabi/7.3.1/thumb/v7e-m/fpv4-sp/hard/crtbegin.o
 .text          0x00000000080001d0       0x10 s:/stmicroelectronics/stm32cubeide/stm32cubeide/plugins/com.st.stm32cube.ide.mcu.externaltools.gnu-tools-for-stm32.7-2018-q2-update.win32_1.0.0.201904181610/tools/bin/../lib/gcc/arm-none-eabi/7.3.1/../../../../arm-none-eabi/lib/thumb/v7e-m/fpv4-sp/hard\libc_nano.a(lib_a-strlen.o)
                0x00000000080001d0                strlen
 .text          0x00000000080001e0       0xa0 s:/stmicroelectronics/stm32cubeide/stm32cubeide/plugins/com.st.stm32cube.ide.mcu.externaltools.gnu-tools-for-stm32.7-2018-q2-update.win32_1.0.0.201904181610/tools/bin/../lib/gcc/arm-none-eabi/7.3.1/../../../../arm-none-eabi/lib/thumb/v7e-m/fpv4-sp/hard\libc_nano.a(lib_a-memchr.o)
                0x00000000080001e0                memchr
 .text          0x0000000008000280      0x378 s:/stmicroelectronics/stm32cubeide/stm32cubeide/plugins/com.st.stm32cube.ide.mcu.externaltools.gnu-tools-for-stm32.7-2018-q2-update.win32_1.0.0.201904181610/tools/bin/../lib/gcc/arm-none-eabi/7.3.1/thumb/v7e-m/fpv4-sp/hard\libgcc.a(_arm_addsubdf3.o)
                0x0000000008000280                __aeabi_drsub
                0x0000000008000288                __aeabi_dsub
                0x0000000008000288                __subdf3
                0x000000000800028c                __aeabi_dadd
                0x000000000800028c                __adddf3
                0x0000000008000504                __floatunsidf
                0x0000000008000504                __aeabi_ui2d
                0x0000000008000524                __floatsidf
                0x0000000008000524                __aeabi_i2d
                0x0000000008000548                __aeabi_f2d
                0x0000000008000548                __extendsfdf2
                0x000000000800058c                __floatundidf
                0x000000000800058c                __aeabi_ul2d
                0x000000000800059c                __floatdidf
                0x000000000800059c                __aeabi_l2d
 .text          0x00000000080005f8      0x424 s:/stmicroelectronics/stm32cubeide/stm32cubeide/plugins/com.st.stm32cube.ide.mcu.externaltools.gnu-tools-for-stm32.7-2018-q2-update.win32_1.0.0.201904181610/tools/bin/../lib/gcc/arm-none-eabi/7.3.1/thumb/v7e-m/fpv4-sp/hard\libgcc.a(_arm_muldivdf3.o)
                0x00000000080005f8                __aeabi_dmul
                0x00000000080005f8                __muldf3
                0x000000000800084c                __divdf3
                0x000000000800084c                __aeabi_ddiv
 .text          0x0000000008000a1c      0x110 s:/stmicroelectronics/stm32cubeide/stm32cubeide/plugins/com.st.stm32cube.ide.mcu.externaltools.gnu-tools-for-stm32.7-2018-q2-update.win32_1.0.0.201904181610/tools/bin/../lib/gcc/arm-none-eabi/7.3.1/thumb/v7e-m/fpv4-sp/hard\libgcc.a(_arm_cmpdf2.o)
                0x0000000008000a1c                __gtdf2
                0x0000000008000a1c                __gedf2
                0x0000000008000a24                __ltdf2
                0x0000000008000a24                __ledf2
                0x0000000008000a2c                __nedf2
                0x0000000008000a2c                __eqdf2
                0x0000000008000a2c                __cmpdf2
                0x0000000008000aa8                __aeabi_cdrcmple
                0x0000000008000ab8                __aeabi_cdcmpeq
                0x0000000008000ab8                __aeabi_cdcmple
                0x0000000008000ac8                __aeabi_dcmpeq
                0x0000000008000adc                __aeabi_dcmplt
                0x0000000008000af0                __aeabi_dcmple
                0x0000000008000b04                __aeabi_dcmpge
                0x0000000008000b18                __aeabi_dcmpgt
 .text          0x0000000008000b2c       0x2c s:/stmicroelectronics/stm32cubeide/stm32cubeide/plugins/com.st.stm32cube.ide.mcu.externaltools.gnu-tools-for-stm32.7-2018-q2-update.win32_1.0.0.201904181610/tools/bin/../lib/gcc/arm-none-eabi/7.3.1/thumb/v7e-m/fpv4-sp/hard\libgcc.a(_arm_unorddf2.o)
                0x0000000008000b2c                __unorddf2
                0x0000000008000b2c                __aeabi_dcmpun
 .text          0x0000000008000b58       0x50 s:/stmicroelectronics/stm32cubeide/stm32cubeide/plugins/com.st.stm32cube.ide.mcu.externaltools.gnu-tools-for-stm32.7-2018-q2-update.win32_1.0.0.201904181610/tools/bin/../lib/gcc/arm-none-eabi/7.3.1/thumb/v7e-m/fpv4-sp/hard\libgcc.a(_arm_fixdfsi.o)
                0x0000000008000b58                __aeabi_d2iz
                0x0000000008000b58                __fixdfsi
 .text          0x0000000008000ba8       0x30 s:/stmicroelectronics/stm32cubeide/stm32cubeide/plugins/com.st.stm32cube.ide.mcu.externaltools.gnu-tools-for-stm32.7-2018-q2-update.win32_1.0.0.201904181610/tools/bin/../lib/gcc/arm-none-eabi/7.3.1/thumb/v7e-m/fpv4-sp/hard\libgcc.a(_aeabi_uldivmod.o)
                0x0000000008000ba8                __aeabi_uldivmod
 .text          0x0000000008000bd8      0x2cc s:/stmicroelectronics/stm32cubeide/stm32cubeide/plugins/com.st.stm32cube.ide.mcu.externaltools.gnu-tools-for-stm32.7-2018-q2-update.win32_1.0.0.201904181610/tools/bin/../lib/gcc/arm-none-eabi/7.3.1/thumb/v7e-m/fpv4-sp/hard\libgcc.a(_udivmoddi4.o)
                0x0000000008000bd8                __udivmoddi4
 .text          0x0000000008000ea4        0x4 s:/stmicroelectronics/stm32cubeide/stm32cubeide/plugins/com.st.stm32cube.ide.mcu.externaltools.gnu-tools-for-stm32.7-2018-q2-update.win32_1.0.0.201904181610/tools/bin/../lib/gcc/arm-none-eabi/7.3.1/thumb/v7e-m/fpv4-sp/hard\libgcc.a(_dvmd_tls.o)
                0x0000000008000ea4                __aeabi_idiv0
                0x0000000008000ea4                __aeabi_ldiv0
 *(.text*)
 .text.ST7920_Send_command
                0x0000000008000ea8       0x70 Core/Src/ST7920_lib.o
 .text.ST7920_Send_data
                0x0000000008000f18       0x70 Core/Src/ST7920_lib.o
 .text.ST7920_Init
                0x0000000008000f88       0x88 Core/Src/ST7920_lib.o
                0x0000000008000f88                ST7920_Init
 .text.ST7920_Graphic_mode
                0x0000000008001010       0x4a Core/Src/ST7920_lib.o
                0x0000000008001010                ST7920_Graphic_mode
 .text.ST7920_Clean
                0x000000000800105a       0x7a Core/Src/ST7920_lib.o
                0x000000000800105a                ST7920_Clean
 .text.ST7920_Draw_bitmap
                0x00000000080010d4      0x298 Core/Src/ST7920_lib.o
                0x00000000080010d4                ST7920_Draw_bitmap
 .text.ST7920_Update
                0x000000000800136c       0x14 Core/Src/ST7920_lib.o
                0x000000000800136c                ST7920_Update
 .text.print_symbol
                0x0000000008001380       0x84 Core/Src/ST7920_lib.o
                0x0000000008001380                print_symbol
 .text.ST7920_Decode_UTF8
                0x0000000008001404      0x1da Core/Src/ST7920_lib.o
                0x0000000008001404                ST7920_Decode_UTF8
 *fill*         0x00000000080015de        0x2 
 .text.ST7920_Clean_Frame_buffer
                0x00000000080015e0       0x18 Core/Src/ST7920_lib.o
                0x00000000080015e0                ST7920_Clean_Frame_buffer
 .text.main     0x00000000080015f8      0x790 Core/Src/main.o
                0x00000000080015f8                main
 .text.SystemClock_Config
                0x0000000008001d88       0xd0 Core/Src/main.o
                0x0000000008001d88                SystemClock_Config
 .text.MX_SPI2_Init
                0x0000000008001e58       0x6c Core/Src/main.o
 .text.MX_TIM3_Init
                0x0000000008001ec4       0xec Core/Src/main.o
 .text.MX_TIM6_Init
                0x0000000008001fb0       0x6c Core/Src/main.o
 .text.MX_TIM7_Init
                0x000000000800201c       0x6c Core/Src/main.o
 .text.MX_DMA_Init
                0x0000000008002088       0x40 Core/Src/main.o
 .text.MX_GPIO_Init
                0x00000000080020c8      0x1e0 Core/Src/main.o
 .text.Init     0x00000000080022a8      0x250 Core/Src/main.o
                0x00000000080022a8                Init
 .text.HAL_TIM_PeriodElapsedCallback
                0x00000000080024f8      0x170 Core/Src/main.o
                0x00000000080024f8                HAL_TIM_PeriodElapsedCallback
 .text.toggle_func
                0x0000000008002668       0x82 Core/Src/main.o
                0x0000000008002668                toggle_func
 *fill*         0x00000000080026ea        0x2 
 .text.macros1  0x00000000080026ec       0xc4 Core/Src/main.o
                0x00000000080026ec                macros1
 .text.HoldMotor
                0x00000000080027b0       0xda Core/Src/main.o
                0x00000000080027b0                HoldMotor
 *fill*         0x000000000800288a        0x2 
 .text.HoldPrepareMotorUntill
                0x000000000800288c       0x60 Core/Src/main.o
                0x000000000800288c                HoldPrepareMotorUntill
 .text.TimerMotor
                0x00000000080028ec       0xe4 Core/Src/main.o
                0x00000000080028ec                TimerMotor
 .text.SetSteps1
                0x00000000080029d0       0x20 Core/Src/main.o
                0x00000000080029d0                SetSteps1
 .text.SetSteps2
                0x00000000080029f0       0x20 Core/Src/main.o
                0x00000000080029f0                SetSteps2
 .text.SetSteps0
                0x0000000008002a10       0x1c Core/Src/main.o
                0x0000000008002a10                SetSteps0
 .text.Delay    0x0000000008002a2c       0x22 Core/Src/main.o
                0x0000000008002a2c                Delay
 *fill*         0x0000000008002a4e        0x2 
 .text.Error_Handler
                0x0000000008002a50       0x20 Core/Src/main.o
                0x0000000008002a50                Error_Handler
 .text.HAL_MspInit
                0x0000000008002a70       0x50 Core/Src/stm32f4xx_hal_msp.o
                0x0000000008002a70                HAL_MspInit
 .text.HAL_SPI_MspInit
                0x0000000008002ac0      0x144 Core/Src/stm32f4xx_hal_msp.o
                0x0000000008002ac0                HAL_SPI_MspInit
 .text.HAL_TIM_Base_MspInit
                0x0000000008002c04       0xa8 Core/Src/stm32f4xx_hal_msp.o
                0x0000000008002c04                HAL_TIM_Base_MspInit
 .text.HAL_TIM_MspPostInit
                0x0000000008002cac       0x74 Core/Src/stm32f4xx_hal_msp.o
                0x0000000008002cac                HAL_TIM_MspPostInit
 .text.NMI_Handler
                0x0000000008002d20        0xe Core/Src/stm32f4xx_it.o
                0x0000000008002d20                NMI_Handler
 .text.HardFault_Handler
                0x0000000008002d2e        0x6 Core/Src/stm32f4xx_it.o
                0x0000000008002d2e                HardFault_Handler
 .text.MemManage_Handler
                0x0000000008002d34        0x6 Core/Src/stm32f4xx_it.o
                0x0000000008002d34                MemManage_Handler
 .text.BusFault_Handler
                0x0000000008002d3a        0x6 Core/Src/stm32f4xx_it.o
                0x0000000008002d3a                BusFault_Handler
 .text.UsageFault_Handler
                0x0000000008002d40        0x6 Core/Src/stm32f4xx_it.o
                0x0000000008002d40                UsageFault_Handler
 .text.SVC_Handler
                0x0000000008002d46        0xe Core/Src/stm32f4xx_it.o
                0x0000000008002d46                SVC_Handler
 .text.DebugMon_Handler
                0x0000000008002d54        0xe Core/Src/stm32f4xx_it.o
                0x0000000008002d54                DebugMon_Handler
 .text.PendSV_Handler
                0x0000000008002d62        0xe Core/Src/stm32f4xx_it.o
                0x0000000008002d62                PendSV_Handler
 .text.SysTick_Handler
                0x0000000008002d70        0xc Core/Src/stm32f4xx_it.o
                0x0000000008002d70                SysTick_Handler
 .text.DMA1_Stream4_IRQHandler
                0x0000000008002d7c       0x14 Core/Src/stm32f4xx_it.o
                0x0000000008002d7c                DMA1_Stream4_IRQHandler
 .text.SPI2_IRQHandler
                0x0000000008002d90       0x14 Core/Src/stm32f4xx_it.o
                0x0000000008002d90                SPI2_IRQHandler
 .text.TIM7_IRQHandler
                0x0000000008002da4       0x14 Core/Src/stm32f4xx_it.o
                0x0000000008002da4                TIM7_IRQHandler
 .text._sbrk    0x0000000008002db8       0x58 Core/Src/sysmem.o
                0x0000000008002db8                _sbrk
 .text.SystemInit
                0x0000000008002e10       0x2c Core/Src/system_stm32f4xx.o
                0x0000000008002e10                SystemInit
 .text.Reset_Handler
                0x0000000008002e3c       0x50 Core/Startup/startup_stm32f407vetx.o
                0x0000000008002e3c                Reset_Handler
 .text.Default_Handler
                0x0000000008002e8c        0x2 Core/Startup/startup_stm32f407vetx.o
                0x0000000008002e8c                RTC_Alarm_IRQHandler
                0x0000000008002e8c                HASH_RNG_IRQHandler
                0x0000000008002e8c                EXTI2_IRQHandler
                0x0000000008002e8c                TIM8_CC_IRQHandler
                0x0000000008002e8c                TIM1_CC_IRQHandler
                0x0000000008002e8c                DMA2_Stream5_IRQHandler
                0x0000000008002e8c                DMA1_Stream5_IRQHandler
                0x0000000008002e8c                PVD_IRQHandler
                0x0000000008002e8c                SDIO_IRQHandler
                0x0000000008002e8c                TAMP_STAMP_IRQHandler
                0x0000000008002e8c                CAN2_RX1_IRQHandler
                0x0000000008002e8c                EXTI3_IRQHandler
                0x0000000008002e8c                TIM8_TRG_COM_TIM14_IRQHandler
                0x0000000008002e8c                TIM1_UP_TIM10_IRQHandler
                0x0000000008002e8c                TIM8_UP_TIM13_IRQHandler
                0x0000000008002e8c                I2C3_ER_IRQHandler
                0x0000000008002e8c                EXTI0_IRQHandler
                0x0000000008002e8c                I2C2_EV_IRQHandler
                0x0000000008002e8c                DMA1_Stream2_IRQHandler
                0x0000000008002e8c                CAN1_RX0_IRQHandler
                0x0000000008002e8c                FPU_IRQHandler
                0x0000000008002e8c                OTG_HS_WKUP_IRQHandler
                0x0000000008002e8c                CAN2_SCE_IRQHandler
                0x0000000008002e8c                DMA2_Stream2_IRQHandler
                0x0000000008002e8c                SPI1_IRQHandler
                0x0000000008002e8c                TIM6_DAC_IRQHandler
                0x0000000008002e8c                TIM1_BRK_TIM9_IRQHandler
                0x0000000008002e8c                DCMI_IRQHandler
                0x0000000008002e8c                CAN2_RX0_IRQHandler
                0x0000000008002e8c                DMA2_Stream3_IRQHandler
                0x0000000008002e8c                USART6_IRQHandler
                0x0000000008002e8c                USART3_IRQHandler
                0x0000000008002e8c                CAN1_RX1_IRQHandler
                0x0000000008002e8c                UART5_IRQHandler
                0x0000000008002e8c                DMA2_Stream0_IRQHandler
                0x0000000008002e8c                TIM4_IRQHandler
                0x0000000008002e8c                I2C1_EV_IRQHandler
                0x0000000008002e8c                DMA1_Stream6_IRQHandler
                0x0000000008002e8c                DMA1_Stream1_IRQHandler
                0x0000000008002e8c                UART4_IRQHandler
                0x0000000008002e8c                TIM3_IRQHandler
                0x0000000008002e8c                RCC_IRQHandler
                0x0000000008002e8c                TIM8_BRK_TIM12_IRQHandler
                0x0000000008002e8c                Default_Handler
                0x0000000008002e8c                EXTI15_10_IRQHandler
                0x0000000008002e8c                ADC_IRQHandler
                0x0000000008002e8c                DMA1_Stream7_IRQHandler
                0x0000000008002e8c                CAN2_TX_IRQHandler
                0x0000000008002e8c                TIM5_IRQHandler
                0x0000000008002e8c                DMA2_Stream7_IRQHandler
                0x0000000008002e8c                I2C3_EV_IRQHandler
                0x0000000008002e8c                EXTI9_5_IRQHandler
                0x0000000008002e8c                RTC_WKUP_IRQHandler
                0x0000000008002e8c                ETH_WKUP_IRQHandler
                0x0000000008002e8c                OTG_HS_EP1_IN_IRQHandler
                0x0000000008002e8c                DMA1_Stream0_IRQHandler
                0x0000000008002e8c                CAN1_TX_IRQHandler
                0x0000000008002e8c                EXTI4_IRQHandler
                0x0000000008002e8c                FSMC_IRQHandler
                0x0000000008002e8c                ETH_IRQHandler
                0x0000000008002e8c                OTG_HS_EP1_OUT_IRQHandler
                0x0000000008002e8c                WWDG_IRQHandler
                0x0000000008002e8c                TIM2_IRQHandler
                0x0000000008002e8c                OTG_FS_WKUP_IRQHandler
                0x0000000008002e8c                TIM1_TRG_COM_TIM11_IRQHandler
                0x0000000008002e8c                OTG_HS_IRQHandler
                0x0000000008002e8c                EXTI1_IRQHandler
                0x0000000008002e8c                USART2_IRQHandler
                0x0000000008002e8c                I2C2_ER_IRQHandler
                0x0000000008002e8c                DMA2_Stream1_IRQHandler
                0x0000000008002e8c                CAN1_SCE_IRQHandler
                0x0000000008002e8c                FLASH_IRQHandler
                0x0000000008002e8c                DMA2_Stream4_IRQHandler
                0x0000000008002e8c                USART1_IRQHandler
                0x0000000008002e8c                OTG_FS_IRQHandler
                0x0000000008002e8c                SPI3_IRQHandler
                0x0000000008002e8c                I2C1_ER_IRQHandler
                0x0000000008002e8c                DMA2_Stream6_IRQHandler
                0x0000000008002e8c                DMA1_Stream3_IRQHandler
 *fill*         0x0000000008002e8e        0x2 
 .text.HAL_Init
                0x0000000008002e90       0x44 Drivers/STM32F4xx_HAL_Driver/Src/stm32f4xx_hal.o
                0x0000000008002e90                HAL_Init
 .text.HAL_InitTick
                0x0000000008002ed4       0x60 Drivers/STM32F4xx_HAL_Driver/Src/stm32f4xx_hal.o
                0x0000000008002ed4                HAL_InitTick
 .text.HAL_IncTick
                0x0000000008002f34       0x28 Drivers/STM32F4xx_HAL_Driver/Src/stm32f4xx_hal.o
                0x0000000008002f34                HAL_IncTick
 .text.HAL_GetTick
                0x0000000008002f5c       0x18 Drivers/STM32F4xx_HAL_Driver/Src/stm32f4xx_hal.o
                0x0000000008002f5c                HAL_GetTick
 .text.HAL_Delay
                0x0000000008002f74       0x44 Drivers/STM32F4xx_HAL_Driver/Src/stm32f4xx_hal.o
                0x0000000008002f74                HAL_Delay
 .text.__NVIC_SetPriorityGrouping
                0x0000000008002fb8       0x48 Drivers/STM32F4xx_HAL_Driver/Src/stm32f4xx_hal_cortex.o
 .text.__NVIC_GetPriorityGrouping
                0x0000000008003000       0x1c Drivers/STM32F4xx_HAL_Driver/Src/stm32f4xx_hal_cortex.o
 .text.__NVIC_EnableIRQ
                0x000000000800301c       0x3c Drivers/STM32F4xx_HAL_Driver/Src/stm32f4xx_hal_cortex.o
 .text.__NVIC_SetPriority
                0x0000000008003058       0x54 Drivers/STM32F4xx_HAL_Driver/Src/stm32f4xx_hal_cortex.o
 .text.NVIC_EncodePriority
                0x00000000080030ac       0x66 Drivers/STM32F4xx_HAL_Driver/Src/stm32f4xx_hal_cortex.o
 *fill*         0x0000000008003112        0x2 
 .text.__NVIC_SystemReset
                0x0000000008003114       0x28 Drivers/STM32F4xx_HAL_Driver/Src/stm32f4xx_hal_cortex.o
 .text.SysTick_Config
                0x000000000800313c       0x44 Drivers/STM32F4xx_HAL_Driver/Src/stm32f4xx_hal_cortex.o
 .text.HAL_NVIC_SetPriorityGrouping
                0x0000000008003180       0x16 Drivers/STM32F4xx_HAL_Driver/Src/stm32f4xx_hal_cortex.o
                0x0000000008003180                HAL_NVIC_SetPriorityGrouping
 .text.HAL_NVIC_SetPriority
                0x0000000008003196       0x38 Drivers/STM32F4xx_HAL_Driver/Src/stm32f4xx_hal_cortex.o
                0x0000000008003196                HAL_NVIC_SetPriority
 .text.HAL_NVIC_EnableIRQ
                0x00000000080031ce       0x1c Drivers/STM32F4xx_HAL_Driver/Src/stm32f4xx_hal_cortex.o
                0x00000000080031ce                HAL_NVIC_EnableIRQ
 .text.HAL_NVIC_SystemReset
                0x00000000080031ea        0x8 Drivers/STM32F4xx_HAL_Driver/Src/stm32f4xx_hal_cortex.o
                0x00000000080031ea                HAL_NVIC_SystemReset
 .text.HAL_SYSTICK_Config
                0x00000000080031f2       0x18 Drivers/STM32F4xx_HAL_Driver/Src/stm32f4xx_hal_cortex.o
                0x00000000080031f2                HAL_SYSTICK_Config
 *fill*         0x000000000800320a        0x2 
 .text.HAL_DMA_Init
                0x000000000800320c      0x15c Drivers/STM32F4xx_HAL_Driver/Src/stm32f4xx_hal_dma.o
                0x000000000800320c                HAL_DMA_Init
 .text.HAL_DMA_Abort_IT
                0x0000000008003368       0x44 Drivers/STM32F4xx_HAL_Driver/Src/stm32f4xx_hal_dma.o
                0x0000000008003368                HAL_DMA_Abort_IT
 .text.HAL_DMA_IRQHandler
                0x00000000080033ac      0x314 Drivers/STM32F4xx_HAL_Driver/Src/stm32f4xx_hal_dma.o
                0x00000000080033ac                HAL_DMA_IRQHandler
 .text.DMA_CalcBaseAndBitshift
                0x00000000080036c0       0x6c Drivers/STM32F4xx_HAL_Driver/Src/stm32f4xx_hal_dma.o
 .text.DMA_CheckFifoParam
                0x000000000800372c       0xf4 Drivers/STM32F4xx_HAL_Driver/Src/stm32f4xx_hal_dma.o
 .text.HAL_GPIO_Init
                0x0000000008003820      0x334 Drivers/STM32F4xx_HAL_Driver/Src/stm32f4xx_hal_gpio.o
                0x0000000008003820                HAL_GPIO_Init
 .text.HAL_GPIO_ReadPin
                0x0000000008003b54       0x30 Drivers/STM32F4xx_HAL_Driver/Src/stm32f4xx_hal_gpio.o
                0x0000000008003b54                HAL_GPIO_ReadPin
 .text.HAL_GPIO_WritePin
                0x0000000008003b84       0x32 Drivers/STM32F4xx_HAL_Driver/Src/stm32f4xx_hal_gpio.o
                0x0000000008003b84                HAL_GPIO_WritePin
 *fill*         0x0000000008003bb6        0x2 
 .text.HAL_RCC_OscConfig
                0x0000000008003bb8      0x4e0 Drivers/STM32F4xx_HAL_Driver/Src/stm32f4xx_hal_rcc.o
                0x0000000008003bb8                HAL_RCC_OscConfig
 .text.HAL_RCC_ClockConfig
                0x0000000008004098      0x1cc Drivers/STM32F4xx_HAL_Driver/Src/stm32f4xx_hal_rcc.o
                0x0000000008004098                HAL_RCC_ClockConfig
 .text.HAL_RCC_GetSysClockFreq
                0x0000000008004264      0x1b0 Drivers/STM32F4xx_HAL_Driver/Src/stm32f4xx_hal_rcc.o
                0x0000000008004264                HAL_RCC_GetSysClockFreq
 .text.HAL_SPI_Init
                0x0000000008004414       0xc8 Drivers/STM32F4xx_HAL_Driver/Src/stm32f4xx_hal_spi.o
                0x0000000008004414                HAL_SPI_Init
 .text.HAL_SPI_Transmit_IT
                0x00000000080044dc      0x104 Drivers/STM32F4xx_HAL_Driver/Src/stm32f4xx_hal_spi.o
                0x00000000080044dc                HAL_SPI_Transmit_IT
 .text.HAL_SPI_IRQHandler
                0x00000000080045e0      0x200 Drivers/STM32F4xx_HAL_Driver/Src/stm32f4xx_hal_spi.o
                0x00000000080045e0                HAL_SPI_IRQHandler
 .text.HAL_SPI_TxCpltCallback
                0x00000000080047e0       0x14 Drivers/STM32F4xx_HAL_Driver/Src/stm32f4xx_hal_spi.o
                0x00000000080047e0                HAL_SPI_TxCpltCallback
 .text.HAL_SPI_ErrorCallback
                0x00000000080047f4       0x14 Drivers/STM32F4xx_HAL_Driver/Src/stm32f4xx_hal_spi.o
                0x00000000080047f4                HAL_SPI_ErrorCallback
 .text.SPI_DMAAbortOnError
                0x0000000008004808       0x28 Drivers/STM32F4xx_HAL_Driver/Src/stm32f4xx_hal_spi.o
 .text.SPI_TxISR_8BIT
                0x0000000008004830       0x46 Drivers/STM32F4xx_HAL_Driver/Src/stm32f4xx_hal_spi.o
 .text.SPI_TxISR_16BIT
                0x0000000008004876       0x44 Drivers/STM32F4xx_HAL_Driver/Src/stm32f4xx_hal_spi.o
 .text.SPI_WaitFlagStateUntilTimeout
                0x00000000080048ba       0xd4 Drivers/STM32F4xx_HAL_Driver/Src/stm32f4xx_hal_spi.o
 *fill*         0x000000000800498e        0x2 
 .text.SPI_EndRxTxTransaction
                0x0000000008004990       0x84 Drivers/STM32F4xx_HAL_Driver/Src/stm32f4xx_hal_spi.o
 .text.SPI_CloseTx_ISR
                0x0000000008004a14       0xc4 Drivers/STM32F4xx_HAL_Driver/Src/stm32f4xx_hal_spi.o
 .text.HAL_TIM_Base_Init
                0x0000000008004ad8       0x56 Drivers/STM32F4xx_HAL_Driver/Src/stm32f4xx_hal_tim.o
                0x0000000008004ad8                HAL_TIM_Base_Init
 .text.HAL_TIM_Base_Start_IT
                0x0000000008004b2e       0x48 Drivers/STM32F4xx_HAL_Driver/Src/stm32f4xx_hal_tim.o
                0x0000000008004b2e                HAL_TIM_Base_Start_IT
 .text.HAL_TIM_Base_Stop_IT
                0x0000000008004b76       0x56 Drivers/STM32F4xx_HAL_Driver/Src/stm32f4xx_hal_tim.o
                0x0000000008004b76                HAL_TIM_Base_Stop_IT
 .text.HAL_TIM_PWM_Init
                0x0000000008004bcc       0x56 Drivers/STM32F4xx_HAL_Driver/Src/stm32f4xx_hal_tim.o
                0x0000000008004bcc                HAL_TIM_PWM_Init
 .text.HAL_TIM_PWM_MspInit
                0x0000000008004c22       0x14 Drivers/STM32F4xx_HAL_Driver/Src/stm32f4xx_hal_tim.o
                0x0000000008004c22                HAL_TIM_PWM_MspInit
 *fill*         0x0000000008004c36        0x2 
 .text.HAL_TIM_PWM_Start
                0x0000000008004c38       0x7c Drivers/STM32F4xx_HAL_Driver/Src/stm32f4xx_hal_tim.o
                0x0000000008004c38                HAL_TIM_PWM_Start
 .text.HAL_TIM_PWM_Stop
                0x0000000008004cb4       0xb0 Drivers/STM32F4xx_HAL_Driver/Src/stm32f4xx_hal_tim.o
                0x0000000008004cb4                HAL_TIM_PWM_Stop
 .text.HAL_TIM_IRQHandler
                0x0000000008004d64      0x210 Drivers/STM32F4xx_HAL_Driver/Src/stm32f4xx_hal_tim.o
                0x0000000008004d64                HAL_TIM_IRQHandler
 .text.HAL_TIM_PWM_ConfigChannel
                0x0000000008004f74      0x18c Drivers/STM32F4xx_HAL_Driver/Src/stm32f4xx_hal_tim.o
                0x0000000008004f74                HAL_TIM_PWM_ConfigChannel
 .text.HAL_TIM_ConfigClockSource
                0x0000000008005100      0x16e Drivers/STM32F4xx_HAL_Driver/Src/stm32f4xx_hal_tim.o
                0x0000000008005100                HAL_TIM_ConfigClockSource
 .text.HAL_TIM_OC_DelayElapsedCallback
                0x000000000800526e       0x14 Drivers/STM32F4xx_HAL_Driver/Src/stm32f4xx_hal_tim.o
                0x000000000800526e                HAL_TIM_OC_DelayElapsedCallback
 .text.HAL_TIM_IC_CaptureCallback
                0x0000000008005282       0x14 Drivers/STM32F4xx_HAL_Driver/Src/stm32f4xx_hal_tim.o
                0x0000000008005282                HAL_TIM_IC_CaptureCallback
 .text.HAL_TIM_PWM_PulseFinishedCallback
                0x0000000008005296       0x14 Drivers/STM32F4xx_HAL_Driver/Src/stm32f4xx_hal_tim.o
                0x0000000008005296                HAL_TIM_PWM_PulseFinishedCallback
 .text.HAL_TIM_TriggerCallback
                0x00000000080052aa       0x14 Drivers/STM32F4xx_HAL_Driver/Src/stm32f4xx_hal_tim.o
                0x00000000080052aa                HAL_TIM_TriggerCallback
 *fill*         0x00000000080052be        0x2 
 .text.TIM_Base_SetConfig
                0x00000000080052c0      0x140 Drivers/STM32F4xx_HAL_Driver/Src/stm32f4xx_hal_tim.o
                0x00000000080052c0                TIM_Base_SetConfig
 .text.TIM_OC1_SetConfig
                0x0000000008005400       0xe0 Drivers/STM32F4xx_HAL_Driver/Src/stm32f4xx_hal_tim.o
 .text.TIM_OC2_SetConfig
                0x00000000080054e0       0xec Drivers/STM32F4xx_HAL_Driver/Src/stm32f4xx_hal_tim.o
                0x00000000080054e0                TIM_OC2_SetConfig
 .text.TIM_OC3_SetConfig
                0x00000000080055cc       0xe8 Drivers/STM32F4xx_HAL_Driver/Src/stm32f4xx_hal_tim.o
 .text.TIM_OC4_SetConfig
                0x00000000080056b4       0xac Drivers/STM32F4xx_HAL_Driver/Src/stm32f4xx_hal_tim.o
 .text.TIM_TI1_ConfigInputStage
                0x0000000008005760       0x5e Drivers/STM32F4xx_HAL_Driver/Src/stm32f4xx_hal_tim.o
 .text.TIM_TI2_ConfigInputStage
                0x00000000080057be       0x60 Drivers/STM32F4xx_HAL_Driver/Src/stm32f4xx_hal_tim.o
 .text.TIM_ITRx_SetConfig
                0x000000000800581e       0x36 Drivers/STM32F4xx_HAL_Driver/Src/stm32f4xx_hal_tim.o
 .text.TIM_ETR_SetConfig
                0x0000000008005854       0x40 Drivers/STM32F4xx_HAL_Driver/Src/stm32f4xx_hal_tim.o
                0x0000000008005854                TIM_ETR_SetConfig
 .text.TIM_CCxChannelCmd
                0x0000000008005894       0x4a Drivers/STM32F4xx_HAL_Driver/Src/stm32f4xx_hal_tim.o
                0x0000000008005894                TIM_CCxChannelCmd
 *fill*         0x00000000080058de        0x2 
 .text.HAL_TIMEx_MasterConfigSynchronization
                0x00000000080058e0       0xf8 Drivers/STM32F4xx_HAL_Driver/Src/stm32f4xx_hal_tim_ex.o
                0x00000000080058e0                HAL_TIMEx_MasterConfigSynchronization
 .text.HAL_TIMEx_CommutCallback
                0x00000000080059d8       0x14 Drivers/STM32F4xx_HAL_Driver/Src/stm32f4xx_hal_tim_ex.o
                0x00000000080059d8                HAL_TIMEx_CommutCallback
 .text.HAL_TIMEx_BreakCallback
                0x00000000080059ec       0x14 Drivers/STM32F4xx_HAL_Driver/Src/stm32f4xx_hal_tim_ex.o
                0x00000000080059ec                HAL_TIMEx_BreakCallback
 .text.__errno  0x0000000008005a00        0xc s:/stmicroelectronics/stm32cubeide/stm32cubeide/plugins/com.st.stm32cube.ide.mcu.externaltools.gnu-tools-for-stm32.7-2018-q2-update.win32_1.0.0.201904181610/tools/bin/../lib/gcc/arm-none-eabi/7.3.1/../../../../arm-none-eabi/lib/thumb/v7e-m/fpv4-sp/hard\libc_nano.a(lib_a-errno.o)
                0x0000000008005a00                __errno
 .text.__libc_init_array
                0x0000000008005a0c       0x48 s:/stmicroelectronics/stm32cubeide/stm32cubeide/plugins/com.st.stm32cube.ide.mcu.externaltools.gnu-tools-for-stm32.7-2018-q2-update.win32_1.0.0.201904181610/tools/bin/../lib/gcc/arm-none-eabi/7.3.1/../../../../arm-none-eabi/lib/thumb/v7e-m/fpv4-sp/hard\libc_nano.a(lib_a-init.o)
                0x0000000008005a0c                __libc_init_array
 .text.memset   0x0000000008005a54       0x10 s:/stmicroelectronics/stm32cubeide/stm32cubeide/plugins/com.st.stm32cube.ide.mcu.externaltools.gnu-tools-for-stm32.7-2018-q2-update.win32_1.0.0.201904181610/tools/bin/../lib/gcc/arm-none-eabi/7.3.1/../../../../arm-none-eabi/lib/thumb/v7e-m/fpv4-sp/hard\libc_nano.a(lib_a-memset.o)
                0x0000000008005a54                memset
 .text.__cvt    0x0000000008005a64       0xc2 s:/stmicroelectronics/stm32cubeide/stm32cubeide/plugins/com.st.stm32cube.ide.mcu.externaltools.gnu-tools-for-stm32.7-2018-q2-update.win32_1.0.0.201904181610/tools/bin/../lib/gcc/arm-none-eabi/7.3.1/../../../../arm-none-eabi/lib/thumb/v7e-m/fpv4-sp/hard\libc_nano.a(lib_a-nano-vfprintf_float.o)
                0x0000000008005a64                __cvt
 .text.__exponent
                0x0000000008005b26       0x66 s:/stmicroelectronics/stm32cubeide/stm32cubeide/plugins/com.st.stm32cube.ide.mcu.externaltools.gnu-tools-for-stm32.7-2018-q2-update.win32_1.0.0.201904181610/tools/bin/../lib/gcc/arm-none-eabi/7.3.1/../../../../arm-none-eabi/lib/thumb/v7e-m/fpv4-sp/hard\libc_nano.a(lib_a-nano-vfprintf_float.o)
                0x0000000008005b26                __exponent
 .text._printf_float
                0x0000000008005b8c      0x480 s:/stmicroelectronics/stm32cubeide/stm32cubeide/plugins/com.st.stm32cube.ide.mcu.externaltools.gnu-tools-for-stm32.7-2018-q2-update.win32_1.0.0.201904181610/tools/bin/../lib/gcc/arm-none-eabi/7.3.1/../../../../arm-none-eabi/lib/thumb/v7e-m/fpv4-sp/hard\libc_nano.a(lib_a-nano-vfprintf_float.o)
                0x0000000008005b8c                _printf_float
 .text._printf_common
                0x000000000800600c       0xea s:/stmicroelectronics/stm32cubeide/stm32cubeide/plugins/com.st.stm32cube.ide.mcu.externaltools.gnu-tools-for-stm32.7-2018-q2-update.win32_1.0.0.201904181610/tools/bin/../lib/gcc/arm-none-eabi/7.3.1/../../../../arm-none-eabi/lib/thumb/v7e-m/fpv4-sp/hard\libc_nano.a(lib_a-nano-vfprintf_i.o)
                0x000000000800600c                _printf_common
 *fill*         0x00000000080060f6        0x2 
 .text._printf_i
                0x00000000080060f8      0x224 s:/stmicroelectronics/stm32cubeide/stm32cubeide/plugins/com.st.stm32cube.ide.mcu.externaltools.gnu-tools-for-stm32.7-2018-q2-update.win32_1.0.0.201904181610/tools/bin/../lib/gcc/arm-none-eabi/7.3.1/../../../../arm-none-eabi/lib/thumb/v7e-m/fpv4-sp/hard\libc_nano.a(lib_a-nano-vfprintf_i.o)
                0x00000000080060f8                _printf_i
 .text.sprintf  0x000000000800631c       0x40 s:/stmicroelectronics/stm32cubeide/stm32cubeide/plugins/com.st.stm32cube.ide.mcu.externaltools.gnu-tools-for-stm32.7-2018-q2-update.win32_1.0.0.201904181610/tools/bin/../lib/gcc/arm-none-eabi/7.3.1/../../../../arm-none-eabi/lib/thumb/v7e-m/fpv4-sp/hard\libc_nano.a(lib_a-sprintf.o)
                0x000000000800631c                siprintf
                0x000000000800631c                sprintf
 .text.quorem   0x000000000800635c      0x118 s:/stmicroelectronics/stm32cubeide/stm32cubeide/plugins/com.st.stm32cube.ide.mcu.externaltools.gnu-tools-for-stm32.7-2018-q2-update.win32_1.0.0.201904181610/tools/bin/../lib/gcc/arm-none-eabi/7.3.1/../../../../arm-none-eabi/lib/thumb/v7e-m/fpv4-sp/hard\libc_nano.a(lib_a-dtoa.o)
 *fill*         0x0000000008006474        0x4 
 .text._dtoa_r  0x0000000008006478      0xb70 s:/stmicroelectronics/stm32cubeide/stm32cubeide/plugins/com.st.stm32cube.ide.mcu.externaltools.gnu-tools-for-stm32.7-2018-q2-update.win32_1.0.0.201904181610/tools/bin/../lib/gcc/arm-none-eabi/7.3.1/../../../../arm-none-eabi/lib/thumb/v7e-m/fpv4-sp/hard\libc_nano.a(lib_a-dtoa.o)
                0x0000000008006478                _dtoa_r
 .text._localeconv_r
                0x0000000008006fe8       0x1c s:/stmicroelectronics/stm32cubeide/stm32cubeide/plugins/com.st.stm32cube.ide.mcu.externaltools.gnu-tools-for-stm32.7-2018-q2-update.win32_1.0.0.201904181610/tools/bin/../lib/gcc/arm-none-eabi/7.3.1/../../../../arm-none-eabi/lib/thumb/v7e-m/fpv4-sp/hard\libc_nano.a(lib_a-localeconv.o)
                0x0000000008006fe8                _localeconv_r
 .text.malloc   0x0000000008007004       0x10 s:/stmicroelectronics/stm32cubeide/stm32cubeide/plugins/com.st.stm32cube.ide.mcu.externaltools.gnu-tools-for-stm32.7-2018-q2-update.win32_1.0.0.201904181610/tools/bin/../lib/gcc/arm-none-eabi/7.3.1/../../../../arm-none-eabi/lib/thumb/v7e-m/fpv4-sp/hard\libc_nano.a(lib_a-malloc.o)
                0x0000000008007004                malloc
 .text.memcpy   0x0000000008007014       0x16 s:/stmicroelectronics/stm32cubeide/stm32cubeide/plugins/com.st.stm32cube.ide.mcu.externaltools.gnu-tools-for-stm32.7-2018-q2-update.win32_1.0.0.201904181610/tools/bin/../lib/gcc/arm-none-eabi/7.3.1/../../../../arm-none-eabi/lib/thumb/v7e-m/fpv4-sp/hard\libc_nano.a(lib_a-memcpy-stub.o)
                0x0000000008007014                memcpy
 .text._Balloc  0x000000000800702a       0x68 s:/stmicroelectronics/stm32cubeide/stm32cubeide/plugins/com.st.stm32cube.ide.mcu.externaltools.gnu-tools-for-stm32.7-2018-q2-update.win32_1.0.0.201904181610/tools/bin/../lib/gcc/arm-none-eabi/7.3.1/../../../../arm-none-eabi/lib/thumb/v7e-m/fpv4-sp/hard\libc_nano.a(lib_a-mprec.o)
                0x000000000800702a                _Balloc
 .text._Bfree   0x0000000008007092       0x2e s:/stmicroelectronics/stm32cubeide/stm32cubeide/plugins/com.st.stm32cube.ide.mcu.externaltools.gnu-tools-for-stm32.7-2018-q2-update.win32_1.0.0.201904181610/tools/bin/../lib/gcc/arm-none-eabi/7.3.1/../../../../arm-none-eabi/lib/thumb/v7e-m/fpv4-sp/hard\libc_nano.a(lib_a-mprec.o)
                0x0000000008007092                _Bfree
 .text.__multadd
                0x00000000080070c0       0x76 s:/stmicroelectronics/stm32cubeide/stm32cubeide/plugins/com.st.stm32cube.ide.mcu.externaltools.gnu-tools-for-stm32.7-2018-q2-update.win32_1.0.0.201904181610/tools/bin/../lib/gcc/arm-none-eabi/7.3.1/../../../../arm-none-eabi/lib/thumb/v7e-m/fpv4-sp/hard\libc_nano.a(lib_a-mprec.o)
                0x00000000080070c0                __multadd
 .text.__hi0bits
                0x0000000008007136       0x3e s:/stmicroelectronics/stm32cubeide/stm32cubeide/plugins/com.st.stm32cube.ide.mcu.externaltools.gnu-tools-for-stm32.7-2018-q2-update.win32_1.0.0.201904181610/tools/bin/../lib/gcc/arm-none-eabi/7.3.1/../../../../arm-none-eabi/lib/thumb/v7e-m/fpv4-sp/hard\libc_nano.a(lib_a-mprec.o)
                0x0000000008007136                __hi0bits
 .text.__lo0bits
                0x0000000008007174       0x5e s:/stmicroelectronics/stm32cubeide/stm32cubeide/plugins/com.st.stm32cube.ide.mcu.externaltools.gnu-tools-for-stm32.7-2018-q2-update.win32_1.0.0.201904181610/tools/bin/../lib/gcc/arm-none-eabi/7.3.1/../../../../arm-none-eabi/lib/thumb/v7e-m/fpv4-sp/hard\libc_nano.a(lib_a-mprec.o)
                0x0000000008007174                __lo0bits
 .text.__i2b    0x00000000080071d2       0x12 s:/stmicroelectronics/stm32cubeide/stm32cubeide/plugins/com.st.stm32cube.ide.mcu.externaltools.gnu-tools-for-stm32.7-2018-q2-update.win32_1.0.0.201904181610/tools/bin/../lib/gcc/arm-none-eabi/7.3.1/../../../../arm-none-eabi/lib/thumb/v7e-m/fpv4-sp/hard\libc_nano.a(lib_a-mprec.o)
                0x00000000080071d2                __i2b
 .text.__multiply
                0x00000000080071e4      0x12c s:/stmicroelectronics/stm32cubeide/stm32cubeide/plugins/com.st.stm32cube.ide.mcu.externaltools.gnu-tools-for-stm32.7-2018-q2-update.win32_1.0.0.201904181610/tools/bin/../lib/gcc/arm-none-eabi/7.3.1/../../../../arm-none-eabi/lib/thumb/v7e-m/fpv4-sp/hard\libc_nano.a(lib_a-mprec.o)
                0x00000000080071e4                __multiply
 .text.__pow5mult
                0x0000000008007310       0x9c s:/stmicroelectronics/stm32cubeide/stm32cubeide/plugins/com.st.stm32cube.ide.mcu.externaltools.gnu-tools-for-stm32.7-2018-q2-update.win32_1.0.0.201904181610/tools/bin/../lib/gcc/arm-none-eabi/7.3.1/../../../../arm-none-eabi/lib/thumb/v7e-m/fpv4-sp/hard\libc_nano.a(lib_a-mprec.o)
                0x0000000008007310                __pow5mult
 .text.__lshift
                0x00000000080073ac       0xa8 s:/stmicroelectronics/stm32cubeide/stm32cubeide/plugins/com.st.stm32cube.ide.mcu.externaltools.gnu-tools-for-stm32.7-2018-q2-update.win32_1.0.0.201904181610/tools/bin/../lib/gcc/arm-none-eabi/7.3.1/../../../../arm-none-eabi/lib/thumb/v7e-m/fpv4-sp/hard\libc_nano.a(lib_a-mprec.o)
                0x00000000080073ac                __lshift
 .text.__mcmp   0x0000000008007454       0x34 s:/stmicroelectronics/stm32cubeide/stm32cubeide/plugins/com.st.stm32cube.ide.mcu.externaltools.gnu-tools-for-stm32.7-2018-q2-update.win32_1.0.0.201904181610/tools/bin/../lib/gcc/arm-none-eabi/7.3.1/../../../../arm-none-eabi/lib/thumb/v7e-m/fpv4-sp/hard\libc_nano.a(lib_a-mprec.o)
                0x0000000008007454                __mcmp
 .text.__mdiff  0x0000000008007488       0xba s:/stmicroelectronics/stm32cubeide/stm32cubeide/plugins/com.st.stm32cube.ide.mcu.externaltools.gnu-tools-for-stm32.7-2018-q2-update.win32_1.0.0.201904181610/tools/bin/../lib/gcc/arm-none-eabi/7.3.1/../../../../arm-none-eabi/lib/thumb/v7e-m/fpv4-sp/hard\libc_nano.a(lib_a-mprec.o)
                0x0000000008007488                __mdiff
 .text.__d2b    0x0000000008007542       0x9e s:/stmicroelectronics/stm32cubeide/stm32cubeide/plugins/com.st.stm32cube.ide.mcu.externaltools.gnu-tools-for-stm32.7-2018-q2-update.win32_1.0.0.201904181610/tools/bin/../lib/gcc/arm-none-eabi/7.3.1/../../../../arm-none-eabi/lib/thumb/v7e-m/fpv4-sp/hard\libc_nano.a(lib_a-mprec.o)
                0x0000000008007542                __d2b
 .text._calloc_r
                0x00000000080075e0       0x1c s:/stmicroelectronics/stm32cubeide/stm32cubeide/plugins/com.st.stm32cube.ide.mcu.externaltools.gnu-tools-for-stm32.7-2018-q2-update.win32_1.0.0.201904181610/tools/bin/../lib/gcc/arm-none-eabi/7.3.1/../../../../arm-none-eabi/lib/thumb/v7e-m/fpv4-sp/hard\libc_nano.a(lib_a-nano-callocr.o)
                0x00000000080075e0                _calloc_r
 .text._free_r  0x00000000080075fc       0x9c s:/stmicroelectronics/stm32cubeide/stm32cubeide/plugins/com.st.stm32cube.ide.mcu.externaltools.gnu-tools-for-stm32.7-2018-q2-update.win32_1.0.0.201904181610/tools/bin/../lib/gcc/arm-none-eabi/7.3.1/../../../../arm-none-eabi/lib/thumb/v7e-m/fpv4-sp/hard\libc_nano.a(lib_a-nano-freer.o)
                0x00000000080075fc                _free_r
 .text._malloc_r
                0x0000000008007698       0xb4 s:/stmicroelectronics/stm32cubeide/stm32cubeide/plugins/com.st.stm32cube.ide.mcu.externaltools.gnu-tools-for-stm32.7-2018-q2-update.win32_1.0.0.201904181610/tools/bin/../lib/gcc/arm-none-eabi/7.3.1/../../../../arm-none-eabi/lib/thumb/v7e-m/fpv4-sp/hard\libc_nano.a(lib_a-nano-mallocr.o)
                0x0000000008007698                _malloc_r
 .text.__ssputs_r
                0x000000000800774c       0xb4 s:/stmicroelectronics/stm32cubeide/stm32cubeide/plugins/com.st.stm32cube.ide.mcu.externaltools.gnu-tools-for-stm32.7-2018-q2-update.win32_1.0.0.201904181610/tools/bin/../lib/gcc/arm-none-eabi/7.3.1/../../../../arm-none-eabi/lib/thumb/v7e-m/fpv4-sp/hard\libc_nano.a(lib_a-nano-svfprintf.o)
                0x000000000800774c                __ssputs_r
 .text._svfprintf_r
                0x0000000008007800      0x1f0 s:/stmicroelectronics/stm32cubeide/stm32cubeide/plugins/com.st.stm32cube.ide.mcu.externaltools.gnu-tools-for-stm32.7-2018-q2-update.win32_1.0.0.201904181610/tools/bin/../lib/gcc/arm-none-eabi/7.3.1/../../../../arm-none-eabi/lib/thumb/v7e-m/fpv4-sp/hard\libc_nano.a(lib_a-nano-svfprintf.o)
                0x0000000008007800                _svfiprintf_r
                0x0000000008007800                _svfprintf_r
 .text._sbrk_r  0x00000000080079f0       0x20 s:/stmicroelectronics/stm32cubeide/stm32cubeide/plugins/com.st.stm32cube.ide.mcu.externaltools.gnu-tools-for-stm32.7-2018-q2-update.win32_1.0.0.201904181610/tools/bin/../lib/gcc/arm-none-eabi/7.3.1/../../../../arm-none-eabi/lib/thumb/v7e-m/fpv4-sp/hard\libc_nano.a(lib_a-sbrkr.o)
                0x00000000080079f0                _sbrk_r
 .text.__ascii_mbtowc
                0x0000000008007a10       0x24 s:/stmicroelectronics/stm32cubeide/stm32cubeide/plugins/com.st.stm32cube.ide.mcu.externaltools.gnu-tools-for-stm32.7-2018-q2-update.win32_1.0.0.201904181610/tools/bin/../lib/gcc/arm-none-eabi/7.3.1/../../../../arm-none-eabi/lib/thumb/v7e-m/fpv4-sp/hard\libc_nano.a(lib_a-mbtowc_r.o)
                0x0000000008007a10                __ascii_mbtowc
 .text.memmove  0x0000000008007a34       0x32 s:/stmicroelectronics/stm32cubeide/stm32cubeide/plugins/com.st.stm32cube.ide.mcu.externaltools.gnu-tools-for-stm32.7-2018-q2-update.win32_1.0.0.201904181610/tools/bin/../lib/gcc/arm-none-eabi/7.3.1/../../../../arm-none-eabi/lib/thumb/v7e-m/fpv4-sp/hard\libc_nano.a(lib_a-memmove.o)
                0x0000000008007a34                memmove
 .text.__malloc_lock
                0x0000000008007a66        0x2 s:/stmicroelectronics/stm32cubeide/stm32cubeide/plugins/com.st.stm32cube.ide.mcu.externaltools.gnu-tools-for-stm32.7-2018-q2-update.win32_1.0.0.201904181610/tools/bin/../lib/gcc/arm-none-eabi/7.3.1/../../../../arm-none-eabi/lib/thumb/v7e-m/fpv4-sp/hard\libc_nano.a(lib_a-mlock.o)
                0x0000000008007a66                __malloc_lock
 .text.__malloc_unlock
                0x0000000008007a68        0x2 s:/stmicroelectronics/stm32cubeide/stm32cubeide/plugins/com.st.stm32cube.ide.mcu.externaltools.gnu-tools-for-stm32.7-2018-q2-update.win32_1.0.0.201904181610/tools/bin/../lib/gcc/arm-none-eabi/7.3.1/../../../../arm-none-eabi/lib/thumb/v7e-m/fpv4-sp/hard\libc_nano.a(lib_a-mlock.o)
                0x0000000008007a68                __malloc_unlock
 .text._realloc_r
                0x0000000008007a6a       0x4c s:/stmicroelectronics/stm32cubeide/stm32cubeide/plugins/com.st.stm32cube.ide.mcu.externaltools.gnu-tools-for-stm32.7-2018-q2-update.win32_1.0.0.201904181610/tools/bin/../lib/gcc/arm-none-eabi/7.3.1/../../../../arm-none-eabi/lib/thumb/v7e-m/fpv4-sp/hard\libc_nano.a(lib_a-nano-reallocr.o)
                0x0000000008007a6a                _realloc_r
 .text.__ascii_wctomb
                0x0000000008007ab6       0x1a s:/stmicroelectronics/stm32cubeide/stm32cubeide/plugins/com.st.stm32cube.ide.mcu.externaltools.gnu-tools-for-stm32.7-2018-q2-update.win32_1.0.0.201904181610/tools/bin/../lib/gcc/arm-none-eabi/7.3.1/../../../../arm-none-eabi/lib/thumb/v7e-m/fpv4-sp/hard\libc_nano.a(lib_a-wctomb_r.o)
                0x0000000008007ab6                __ascii_wctomb
 .text._malloc_usable_size_r
                0x0000000008007ad0       0x10 s:/stmicroelectronics/stm32cubeide/stm32cubeide/plugins/com.st.stm32cube.ide.mcu.externaltools.gnu-tools-for-stm32.7-2018-q2-update.win32_1.0.0.201904181610/tools/bin/../lib/gcc/arm-none-eabi/7.3.1/../../../../arm-none-eabi/lib/thumb/v7e-m/fpv4-sp/hard\libc_nano.a(lib_a-nano-msizer.o)
                0x0000000008007ad0                _malloc_usable_size_r
 *(.glue_7)
 .glue_7        0x0000000008007ae0        0x0 linker stubs
 *(.glue_7t)
 .glue_7t       0x0000000008007ae0        0x0 linker stubs
 *(.eh_frame)
 .eh_frame      0x0000000008007ae0        0x0 s:/stmicroelectronics/stm32cubeide/stm32cubeide/plugins/com.st.stm32cube.ide.mcu.externaltools.gnu-tools-for-stm32.7-2018-q2-update.win32_1.0.0.201904181610/tools/bin/../lib/gcc/arm-none-eabi/7.3.1/thumb/v7e-m/fpv4-sp/hard/crtbegin.o
 *(.init)
 .init          0x0000000008007ae0        0x4 s:/stmicroelectronics/stm32cubeide/stm32cubeide/plugins/com.st.stm32cube.ide.mcu.externaltools.gnu-tools-for-stm32.7-2018-q2-update.win32_1.0.0.201904181610/tools/bin/../lib/gcc/arm-none-eabi/7.3.1/thumb/v7e-m/fpv4-sp/hard/crti.o
                0x0000000008007ae0                _init
 .init          0x0000000008007ae4        0x8 s:/stmicroelectronics/stm32cubeide/stm32cubeide/plugins/com.st.stm32cube.ide.mcu.externaltools.gnu-tools-for-stm32.7-2018-q2-update.win32_1.0.0.201904181610/tools/bin/../lib/gcc/arm-none-eabi/7.3.1/thumb/v7e-m/fpv4-sp/hard/crtn.o
 *(.fini)
 .fini          0x0000000008007aec        0x4 s:/stmicroelectronics/stm32cubeide/stm32cubeide/plugins/com.st.stm32cube.ide.mcu.externaltools.gnu-tools-for-stm32.7-2018-q2-update.win32_1.0.0.201904181610/tools/bin/../lib/gcc/arm-none-eabi/7.3.1/thumb/v7e-m/fpv4-sp/hard/crti.o
                0x0000000008007aec                _fini
 .fini          0x0000000008007af0        0x8 s:/stmicroelectronics/stm32cubeide/stm32cubeide/plugins/com.st.stm32cube.ide.mcu.externaltools.gnu-tools-for-stm32.7-2018-q2-update.win32_1.0.0.201904181610/tools/bin/../lib/gcc/arm-none-eabi/7.3.1/thumb/v7e-m/fpv4-sp/hard/crtn.o
                0x0000000008007af8                . = ALIGN (0x4)
                0x0000000008007af8                _etext = .

.vfp11_veneer   0x0000000008007af8        0x0
 .vfp11_veneer  0x0000000008007af8        0x0 linker stubs

.v4_bx          0x0000000008007af8        0x0
 .v4_bx         0x0000000008007af8        0x0 linker stubs

.iplt           0x0000000008007af8        0x0
 .iplt          0x0000000008007af8        0x0 s:/stmicroelectronics/stm32cubeide/stm32cubeide/plugins/com.st.stm32cube.ide.mcu.externaltools.gnu-tools-for-stm32.7-2018-q2-update.win32_1.0.0.201904181610/tools/bin/../lib/gcc/arm-none-eabi/7.3.1/thumb/v7e-m/fpv4-sp/hard/crtbegin.o

.rodata         0x0000000008007af8      0x680
                0x0000000008007af8                . = ALIGN (0x4)
 *(.rodata)
 .rodata        0x0000000008007af8       0x3c Core/Src/main.o
 *(.rodata*)
 .rodata.Font   0x0000000008007b34      0x3cc Core/Src/ST7920_lib.o
                0x0000000008007b34                Font
 .rodata.AHBPrescTable
                0x0000000008007f00       0x10 Core/Src/system_stm32f4xx.o
                0x0000000008007f00                AHBPrescTable
 .rodata.flagBitshiftOffset.8115
                0x0000000008007f10        0x8 Drivers/STM32F4xx_HAL_Driver/Src/stm32f4xx_hal_dma.o
 .rodata._printf_float.str1.1
                0x0000000008007f18       0x12 s:/stmicroelectronics/stm32cubeide/stm32cubeide/plugins/com.st.stm32cube.ide.mcu.externaltools.gnu-tools-for-stm32.7-2018-q2-update.win32_1.0.0.201904181610/tools/bin/../lib/gcc/arm-none-eabi/7.3.1/../../../../arm-none-eabi/lib/thumb/v7e-m/fpv4-sp/hard\libc_nano.a(lib_a-nano-vfprintf_float.o)
 .rodata._printf_i.str1.1
                0x0000000008007f2a       0x22 s:/stmicroelectronics/stm32cubeide/stm32cubeide/plugins/com.st.stm32cube.ide.mcu.externaltools.gnu-tools-for-stm32.7-2018-q2-update.win32_1.0.0.201904181610/tools/bin/../lib/gcc/arm-none-eabi/7.3.1/../../../../arm-none-eabi/lib/thumb/v7e-m/fpv4-sp/hard\libc_nano.a(lib_a-nano-vfprintf_i.o)
 .rodata._dtoa_r.str1.1
                0x0000000008007f4c        0xd s:/stmicroelectronics/stm32cubeide/stm32cubeide/plugins/com.st.stm32cube.ide.mcu.externaltools.gnu-tools-for-stm32.7-2018-q2-update.win32_1.0.0.201904181610/tools/bin/../lib/gcc/arm-none-eabi/7.3.1/../../../../arm-none-eabi/lib/thumb/v7e-m/fpv4-sp/hard\libc_nano.a(lib_a-dtoa.o)
                                          0xf (size before relaxing)
 *fill*         0x0000000008007f59        0x7 
 .rodata.__mprec_bigtens
                0x0000000008007f60       0x28 s:/stmicroelectronics/stm32cubeide/stm32cubeide/plugins/com.st.stm32cube.ide.mcu.externaltools.gnu-tools-for-stm32.7-2018-q2-update.win32_1.0.0.201904181610/tools/bin/../lib/gcc/arm-none-eabi/7.3.1/../../../../arm-none-eabi/lib/thumb/v7e-m/fpv4-sp/hard\libc_nano.a(lib_a-mprec.o)
                0x0000000008007f60                __mprec_bigtens
 .rodata.__mprec_tens
                0x0000000008007f88       0xc8 s:/stmicroelectronics/stm32cubeide/stm32cubeide/plugins/com.st.stm32cube.ide.mcu.externaltools.gnu-tools-for-stm32.7-2018-q2-update.win32_1.0.0.201904181610/tools/bin/../lib/gcc/arm-none-eabi/7.3.1/../../../../arm-none-eabi/lib/thumb/v7e-m/fpv4-sp/hard\libc_nano.a(lib_a-mprec.o)
                0x0000000008007f88                __mprec_tens
 .rodata.p05.7359
                0x0000000008008050        0xc s:/stmicroelectronics/stm32cubeide/stm32cubeide/plugins/com.st.stm32cube.ide.mcu.externaltools.gnu-tools-for-stm32.7-2018-q2-update.win32_1.0.0.201904181610/tools/bin/../lib/gcc/arm-none-eabi/7.3.1/../../../../arm-none-eabi/lib/thumb/v7e-m/fpv4-sp/hard\libc_nano.a(lib_a-mprec.o)
 .rodata._svfprintf_r.str1.1
                0x000000000800805c       0x11 s:/stmicroelectronics/stm32cubeide/stm32cubeide/plugins/com.st.stm32cube.ide.mcu.externaltools.gnu-tools-for-stm32.7-2018-q2-update.win32_1.0.0.201904181610/tools/bin/../lib/gcc/arm-none-eabi/7.3.1/../../../../arm-none-eabi/lib/thumb/v7e-m/fpv4-sp/hard\libc_nano.a(lib_a-nano-svfprintf.o)
 .rodata._setlocale_r.str1.1
                0x000000000800806d        0x8 s:/stmicroelectronics/stm32cubeide/stm32cubeide/plugins/com.st.stm32cube.ide.mcu.externaltools.gnu-tools-for-stm32.7-2018-q2-update.win32_1.0.0.201904181610/tools/bin/../lib/gcc/arm-none-eabi/7.3.1/../../../../arm-none-eabi/lib/thumb/v7e-m/fpv4-sp/hard\libc_nano.a(lib_a-locale.o)
                                          0x9 (size before relaxing)
 .rodata.str1.1
                0x0000000008008075        0x2 s:/stmicroelectronics/stm32cubeide/stm32cubeide/plugins/com.st.stm32cube.ide.mcu.externaltools.gnu-tools-for-stm32.7-2018-q2-update.win32_1.0.0.201904181610/tools/bin/../lib/gcc/arm-none-eabi/7.3.1/../../../../arm-none-eabi/lib/thumb/v7e-m/fpv4-sp/hard\libc_nano.a(lib_a-locale.o)
 .rodata._ctype_
                0x0000000008008077      0x101 s:/stmicroelectronics/stm32cubeide/stm32cubeide/plugins/com.st.stm32cube.ide.mcu.externaltools.gnu-tools-for-stm32.7-2018-q2-update.win32_1.0.0.201904181610/tools/bin/../lib/gcc/arm-none-eabi/7.3.1/../../../../arm-none-eabi/lib/thumb/v7e-m/fpv4-sp/hard\libc_nano.a(lib_a-ctype_.o)
                0x0000000008008077                _ctype_
                0x0000000008008178                . = ALIGN (0x4)

.ARM.extab      0x0000000008008178        0x0
                0x0000000008008178                . = ALIGN (0x4)
 *(.ARM.extab* .gnu.linkonce.armextab.*)
                0x0000000008008178                . = ALIGN (0x4)

.ARM            0x0000000008008178        0x8
                0x0000000008008178                . = ALIGN (0x4)
                0x0000000008008178                __exidx_start = .
 *(.ARM.exidx*)
 .ARM.exidx     0x0000000008008178        0x8 s:/stmicroelectronics/stm32cubeide/stm32cubeide/plugins/com.st.stm32cube.ide.mcu.externaltools.gnu-tools-for-stm32.7-2018-q2-update.win32_1.0.0.201904181610/tools/bin/../lib/gcc/arm-none-eabi/7.3.1/thumb/v7e-m/fpv4-sp/hard\libgcc.a(_udivmoddi4.o)
                0x0000000008008180                __exidx_end = .
                0x0000000008008180                . = ALIGN (0x4)

.rel.dyn        0x0000000008008180        0x0
 .rel.iplt      0x0000000008008180        0x0 s:/stmicroelectronics/stm32cubeide/stm32cubeide/plugins/com.st.stm32cube.ide.mcu.externaltools.gnu-tools-for-stm32.7-2018-q2-update.win32_1.0.0.201904181610/tools/bin/../lib/gcc/arm-none-eabi/7.3.1/thumb/v7e-m/fpv4-sp/hard/crtbegin.o

.preinit_array  0x0000000008008180        0x0
                0x0000000008008180                . = ALIGN (0x4)
                0x0000000008008180                PROVIDE (__preinit_array_start = .)
 *(.preinit_array*)
                0x0000000008008180                PROVIDE (__preinit_array_end = .)
                0x0000000008008180                . = ALIGN (0x4)

.init_array     0x0000000008008180        0x4
                0x0000000008008180                . = ALIGN (0x4)
                0x0000000008008180                PROVIDE (__init_array_start = .)
 *(SORT_BY_NAME(.init_array.*))
 *(.init_array*)
 .init_array    0x0000000008008180        0x4 s:/stmicroelectronics/stm32cubeide/stm32cubeide/plugins/com.st.stm32cube.ide.mcu.externaltools.gnu-tools-for-stm32.7-2018-q2-update.win32_1.0.0.201904181610/tools/bin/../lib/gcc/arm-none-eabi/7.3.1/thumb/v7e-m/fpv4-sp/hard/crtbegin.o
                0x0000000008008184                PROVIDE (__init_array_end = .)
                0x0000000008008184                . = ALIGN (0x4)

.fini_array     0x0000000008008184        0x4
                0x0000000008008184                . = ALIGN (0x4)
                [!provide]                        PROVIDE (__fini_array_start = .)
 *(SORT_BY_NAME(.fini_array.*))
 *(.fini_array*)
 .fini_array    0x0000000008008184        0x4 s:/stmicroelectronics/stm32cubeide/stm32cubeide/plugins/com.st.stm32cube.ide.mcu.externaltools.gnu-tools-for-stm32.7-2018-q2-update.win32_1.0.0.201904181610/tools/bin/../lib/gcc/arm-none-eabi/7.3.1/thumb/v7e-m/fpv4-sp/hard/crtbegin.o
                [!provide]                        PROVIDE (__fini_array_end = .)
                0x0000000008008188                . = ALIGN (0x4)
                0x0000000008008188                _sidata = LOADADDR (.data)

.data           0x0000000020000000      0x364 load address 0x0000000008008188
                0x0000000020000000                . = ALIGN (0x4)
                0x0000000020000000                _sdata = .
 *(.data)
 *(.data*)
 .data.Pullsteps
                0x0000000020000000        0x4 Core/Src/main.o
 .data.Dosesteps
                0x0000000020000004        0x4 Core/Src/main.o
 .data.Defines  0x0000000020000008      0x180 Core/Src/main.o
 .data.SystemCoreClock
                0x0000000020000188        0x4 Core/Src/system_stm32f4xx.o
                0x0000000020000188                SystemCoreClock
 .data.uwTickPrio
                0x000000002000018c        0x4 Drivers/STM32F4xx_HAL_Driver/Src/stm32f4xx_hal.o
                0x000000002000018c                uwTickPrio
 .data.uwTickFreq
                0x0000000020000190        0x1 Drivers/STM32F4xx_HAL_Driver/Src/stm32f4xx_hal.o
                0x0000000020000190                uwTickFreq
 *fill*         0x0000000020000191        0x3 
 .data._impure_ptr
                0x0000000020000194        0x4 s:/stmicroelectronics/stm32cubeide/stm32cubeide/plugins/com.st.stm32cube.ide.mcu.externaltools.gnu-tools-for-stm32.7-2018-q2-update.win32_1.0.0.201904181610/tools/bin/../lib/gcc/arm-none-eabi/7.3.1/../../../../arm-none-eabi/lib/thumb/v7e-m/fpv4-sp/hard\libc_nano.a(lib_a-impure.o)
                0x0000000020000194                _impure_ptr
 .data.impure_data
                0x0000000020000198       0x60 s:/stmicroelectronics/stm32cubeide/stm32cubeide/plugins/com.st.stm32cube.ide.mcu.externaltools.gnu-tools-for-stm32.7-2018-q2-update.win32_1.0.0.201904181610/tools/bin/../lib/gcc/arm-none-eabi/7.3.1/../../../../arm-none-eabi/lib/thumb/v7e-m/fpv4-sp/hard\libc_nano.a(lib_a-impure.o)
 .data.__global_locale
                0x00000000200001f8      0x16c s:/stmicroelectronics/stm32cubeide/stm32cubeide/plugins/com.st.stm32cube.ide.mcu.externaltools.gnu-tools-for-stm32.7-2018-q2-update.win32_1.0.0.201904181610/tools/bin/../lib/gcc/arm-none-eabi/7.3.1/../../../../arm-none-eabi/lib/thumb/v7e-m/fpv4-sp/hard\libc_nano.a(lib_a-locale.o)
                0x00000000200001f8                __global_locale
                0x0000000020000364                . = ALIGN (0x4)
                0x0000000020000364                _edata = .

.igot.plt       0x0000000020000364        0x0 load address 0x00000000080084ec
 .igot.plt      0x0000000020000364        0x0 s:/stmicroelectronics/stm32cubeide/stm32cubeide/plugins/com.st.stm32cube.ide.mcu.externaltools.gnu-tools-for-stm32.7-2018-q2-update.win32_1.0.0.201904181610/tools/bin/../lib/gcc/arm-none-eabi/7.3.1/thumb/v7e-m/fpv4-sp/hard/crtbegin.o
                0x0000000020000364                . = ALIGN (0x4)

.bss            0x0000000020000364      0x8f0 load address 0x00000000080084ec
                0x0000000020000364                _sbss = .
                0x0000000020000364                __bss_start__ = _sbss
 *(.bss)
 .bss           0x0000000020000364       0x1c s:/stmicroelectronics/stm32cubeide/stm32cubeide/plugins/com.st.stm32cube.ide.mcu.externaltools.gnu-tools-for-stm32.7-2018-q2-update.win32_1.0.0.201904181610/tools/bin/../lib/gcc/arm-none-eabi/7.3.1/thumb/v7e-m/fpv4-sp/hard/crtbegin.o
 *(.bss*)
 .bss.tx_buffer
                0x0000000020000380       0x80 Core/Src/ST7920_lib.o
                0x0000000020000380                tx_buffer
 .bss.Frame_buffer
                0x0000000020000400      0x400 Core/Src/ST7920_lib.o
                0x0000000020000400                Frame_buffer
 .bss.counter   0x0000000020000800        0x4 Core/Src/main.o
                0x0000000020000800                counter
 .bss.tmpflg    0x0000000020000804        0x1 Core/Src/main.o
                0x0000000020000804                tmpflg
 .bss.flag      0x0000000020000805        0x1 Core/Src/main.o
 *fill*         0x0000000020000806        0x2 
 .bss.heap_end.6424
                0x0000000020000808        0x4 Core/Src/sysmem.o
 .bss.__malloc_free_list
                0x000000002000080c        0x4 s:/stmicroelectronics/stm32cubeide/stm32cubeide/plugins/com.st.stm32cube.ide.mcu.externaltools.gnu-tools-for-stm32.7-2018-q2-update.win32_1.0.0.201904181610/tools/bin/../lib/gcc/arm-none-eabi/7.3.1/../../../../arm-none-eabi/lib/thumb/v7e-m/fpv4-sp/hard\libc_nano.a(lib_a-nano-mallocr.o)
                0x000000002000080c                __malloc_free_list
 .bss.__malloc_sbrk_start
                0x0000000020000810        0x4 s:/stmicroelectronics/stm32cubeide/stm32cubeide/plugins/com.st.stm32cube.ide.mcu.externaltools.gnu-tools-for-stm32.7-2018-q2-update.win32_1.0.0.201904181610/tools/bin/../lib/gcc/arm-none-eabi/7.3.1/../../../../arm-none-eabi/lib/thumb/v7e-m/fpv4-sp/hard\libc_nano.a(lib_a-nano-mallocr.o)
                0x0000000020000810                __malloc_sbrk_start
 *(COMMON)
 COMMON         0x0000000020000814      0x438 Core/Src/main.o
                0x0000000020000814                hspi2
                0x000000002000086c                htim3
                0x00000000200008ac                Buttons
                0x0000000020000b6c                htim6
                0x0000000020000bac                hdma_spi2_tx
                0x0000000020000c0c                htim7
 COMMON         0x0000000020000c4c        0x4 Drivers/STM32F4xx_HAL_Driver/Src/stm32f4xx_hal.o
                0x0000000020000c4c                uwTick
 COMMON         0x0000000020000c50        0x4 s:/stmicroelectronics/stm32cubeide/stm32cubeide/plugins/com.st.stm32cube.ide.mcu.externaltools.gnu-tools-for-stm32.7-2018-q2-update.win32_1.0.0.201904181610/tools/bin/../lib/gcc/arm-none-eabi/7.3.1/../../../../arm-none-eabi/lib/thumb/v7e-m/fpv4-sp/hard\libc_nano.a(lib_a-reent.o)
                0x0000000020000c50                errno
                0x0000000020000c54                . = ALIGN (0x4)
                0x0000000020000c54                _ebss = .
                0x0000000020000c54                __bss_end__ = _ebss

._user_heap_stack
                0x0000000020000c54      0x604 load address 0x00000000080084ec
                0x0000000020000c58                . = ALIGN (0x8)
 *fill*         0x0000000020000c54        0x4 
                0x0000000020000c58                PROVIDE (end = .)
                [!provide]                        PROVIDE (_end = .)
                0x0000000020000e58                . = (. + _Min_Heap_Size)
 *fill*         0x0000000020000c58      0x200 
                0x0000000020001258                . = (. + _Min_Stack_Size)
 *fill*         0x0000000020000e58      0x400 
                0x0000000020001258                . = ALIGN (0x8)

/DISCARD/
 libc.a(*)
 libm.a(*)
 libgcc.a(*)

.ARM.attributes
                0x0000000000000000       0x30
 *(.ARM.attributes)
 .ARM.attributes
                0x0000000000000000       0x22 s:/stmicroelectronics/stm32cubeide/stm32cubeide/plugins/com.st.stm32cube.ide.mcu.externaltools.gnu-tools-for-stm32.7-2018-q2-update.win32_1.0.0.201904181610/tools/bin/../lib/gcc/arm-none-eabi/7.3.1/thumb/v7e-m/fpv4-sp/hard/crti.o
 .ARM.attributes
                0x0000000000000022       0x34 s:/stmicroelectronics/stm32cubeide/stm32cubeide/plugins/com.st.stm32cube.ide.mcu.externaltools.gnu-tools-for-stm32.7-2018-q2-update.win32_1.0.0.201904181610/tools/bin/../lib/gcc/arm-none-eabi/7.3.1/thumb/v7e-m/fpv4-sp/hard/crtbegin.o
 .ARM.attributes
                0x0000000000000056       0x39 Core/Src/ST7920_lib.o
 .ARM.attributes
                0x000000000000008f       0x39 Core/Src/main.o
 .ARM.attributes
                0x00000000000000c8       0x39 Core/Src/stm32f4xx_hal_msp.o
 .ARM.attributes
                0x0000000000000101       0x39 Core/Src/stm32f4xx_it.o
 .ARM.attributes
                0x000000000000013a       0x39 Core/Src/sysmem.o
 .ARM.attributes
                0x0000000000000173       0x39 Core/Src/system_stm32f4xx.o
 .ARM.attributes
                0x00000000000001ac       0x21 Core/Startup/startup_stm32f407vetx.o
 .ARM.attributes
                0x00000000000001cd       0x39 Drivers/STM32F4xx_HAL_Driver/Src/stm32f4xx_hal.o
 .ARM.attributes
                0x0000000000000206       0x39 Drivers/STM32F4xx_HAL_Driver/Src/stm32f4xx_hal_cortex.o
 .ARM.attributes
                0x000000000000023f       0x39 Drivers/STM32F4xx_HAL_Driver/Src/stm32f4xx_hal_dma.o
 .ARM.attributes
                0x0000000000000278       0x39 Drivers/STM32F4xx_HAL_Driver/Src/stm32f4xx_hal_gpio.o
 .ARM.attributes
                0x00000000000002b1       0x39 Drivers/STM32F4xx_HAL_Driver/Src/stm32f4xx_hal_rcc.o
 .ARM.attributes
                0x00000000000002ea       0x39 Drivers/STM32F4xx_HAL_Driver/Src/stm32f4xx_hal_spi.o
 .ARM.attributes
                0x0000000000000323       0x39 Drivers/STM32F4xx_HAL_Driver/Src/stm32f4xx_hal_tim.o
 .ARM.attributes
                0x000000000000035c       0x39 Drivers/STM32F4xx_HAL_Driver/Src/stm32f4xx_hal_tim_ex.o
 .ARM.attributes
                0x0000000000000395       0x34 s:/stmicroelectronics/stm32cubeide/stm32cubeide/plugins/com.st.stm32cube.ide.mcu.externaltools.gnu-tools-for-stm32.7-2018-q2-update.win32_1.0.0.201904181610/tools/bin/../lib/gcc/arm-none-eabi/7.3.1/../../../../arm-none-eabi/lib/thumb/v7e-m/fpv4-sp/hard\libc_nano.a(lib_a-errno.o)
 .ARM.attributes
                0x00000000000003c9       0x34 s:/stmicroelectronics/stm32cubeide/stm32cubeide/plugins/com.st.stm32cube.ide.mcu.externaltools.gnu-tools-for-stm32.7-2018-q2-update.win32_1.0.0.201904181610/tools/bin/../lib/gcc/arm-none-eabi/7.3.1/../../../../arm-none-eabi/lib/thumb/v7e-m/fpv4-sp/hard\libc_nano.a(lib_a-impure.o)
 .ARM.attributes
                0x00000000000003fd       0x34 s:/stmicroelectronics/stm32cubeide/stm32cubeide/plugins/com.st.stm32cube.ide.mcu.externaltools.gnu-tools-for-stm32.7-2018-q2-update.win32_1.0.0.201904181610/tools/bin/../lib/gcc/arm-none-eabi/7.3.1/../../../../arm-none-eabi/lib/thumb/v7e-m/fpv4-sp/hard\libc_nano.a(lib_a-init.o)
 .ARM.attributes
                0x0000000000000431       0x34 s:/stmicroelectronics/stm32cubeide/stm32cubeide/plugins/com.st.stm32cube.ide.mcu.externaltools.gnu-tools-for-stm32.7-2018-q2-update.win32_1.0.0.201904181610/tools/bin/../lib/gcc/arm-none-eabi/7.3.1/../../../../arm-none-eabi/lib/thumb/v7e-m/fpv4-sp/hard\libc_nano.a(lib_a-memset.o)
 .ARM.attributes
                0x0000000000000465       0x34 s:/stmicroelectronics/stm32cubeide/stm32cubeide/plugins/com.st.stm32cube.ide.mcu.externaltools.gnu-tools-for-stm32.7-2018-q2-update.win32_1.0.0.201904181610/tools/bin/../lib/gcc/arm-none-eabi/7.3.1/../../../../arm-none-eabi/lib/thumb/v7e-m/fpv4-sp/hard\libc_nano.a(lib_a-nano-vfprintf_float.o)
 .ARM.attributes
                0x0000000000000499       0x34 s:/stmicroelectronics/stm32cubeide/stm32cubeide/plugins/com.st.stm32cube.ide.mcu.externaltools.gnu-tools-for-stm32.7-2018-q2-update.win32_1.0.0.201904181610/tools/bin/../lib/gcc/arm-none-eabi/7.3.1/../../../../arm-none-eabi/lib/thumb/v7e-m/fpv4-sp/hard\libc_nano.a(lib_a-nano-vfprintf_i.o)
 .ARM.attributes
                0x00000000000004cd       0x34 s:/stmicroelectronics/stm32cubeide/stm32cubeide/plugins/com.st.stm32cube.ide.mcu.externaltools.gnu-tools-for-stm32.7-2018-q2-update.win32_1.0.0.201904181610/tools/bin/../lib/gcc/arm-none-eabi/7.3.1/../../../../arm-none-eabi/lib/thumb/v7e-m/fpv4-sp/hard\libc_nano.a(lib_a-sprintf.o)
 .ARM.attributes
                0x0000000000000501       0x1b s:/stmicroelectronics/stm32cubeide/stm32cubeide/plugins/com.st.stm32cube.ide.mcu.externaltools.gnu-tools-for-stm32.7-2018-q2-update.win32_1.0.0.201904181610/tools/bin/../lib/gcc/arm-none-eabi/7.3.1/../../../../arm-none-eabi/lib/thumb/v7e-m/fpv4-sp/hard\libc_nano.a(lib_a-strlen.o)
 .ARM.attributes
                0x000000000000051c       0x34 s:/stmicroelectronics/stm32cubeide/stm32cubeide/plugins/com.st.stm32cube.ide.mcu.externaltools.gnu-tools-for-stm32.7-2018-q2-update.win32_1.0.0.201904181610/tools/bin/../lib/gcc/arm-none-eabi/7.3.1/../../../../arm-none-eabi/lib/thumb/v7e-m/fpv4-sp/hard\libc_nano.a(lib_a-dtoa.o)
 .ARM.attributes
                0x0000000000000550       0x34 s:/stmicroelectronics/stm32cubeide/stm32cubeide/plugins/com.st.stm32cube.ide.mcu.externaltools.gnu-tools-for-stm32.7-2018-q2-update.win32_1.0.0.201904181610/tools/bin/../lib/gcc/arm-none-eabi/7.3.1/../../../../arm-none-eabi/lib/thumb/v7e-m/fpv4-sp/hard\libc_nano.a(lib_a-localeconv.o)
 .ARM.attributes
                0x0000000000000584       0x34 s:/stmicroelectronics/stm32cubeide/stm32cubeide/plugins/com.st.stm32cube.ide.mcu.externaltools.gnu-tools-for-stm32.7-2018-q2-update.win32_1.0.0.201904181610/tools/bin/../lib/gcc/arm-none-eabi/7.3.1/../../../../arm-none-eabi/lib/thumb/v7e-m/fpv4-sp/hard\libc_nano.a(lib_a-malloc.o)
 .ARM.attributes
                0x00000000000005b8       0x20 s:/stmicroelectronics/stm32cubeide/stm32cubeide/plugins/com.st.stm32cube.ide.mcu.externaltools.gnu-tools-for-stm32.7-2018-q2-update.win32_1.0.0.201904181610/tools/bin/../lib/gcc/arm-none-eabi/7.3.1/../../../../arm-none-eabi/lib/thumb/v7e-m/fpv4-sp/hard\libc_nano.a(lib_a-memchr.o)
 .ARM.attributes
                0x00000000000005d8       0x34 s:/stmicroelectronics/stm32cubeide/stm32cubeide/plugins/com.st.stm32cube.ide.mcu.externaltools.gnu-tools-for-stm32.7-2018-q2-update.win32_1.0.0.201904181610/tools/bin/../lib/gcc/arm-none-eabi/7.3.1/../../../../arm-none-eabi/lib/thumb/v7e-m/fpv4-sp/hard\libc_nano.a(lib_a-memcpy-stub.o)
 .ARM.attributes
                0x000000000000060c       0x34 s:/stmicroelectronics/stm32cubeide/stm32cubeide/plugins/com.st.stm32cube.ide.mcu.externaltools.gnu-tools-for-stm32.7-2018-q2-update.win32_1.0.0.201904181610/tools/bin/../lib/gcc/arm-none-eabi/7.3.1/../../../../arm-none-eabi/lib/thumb/v7e-m/fpv4-sp/hard\libc_nano.a(lib_a-mprec.o)
 .ARM.attributes
                0x0000000000000640       0x34 s:/stmicroelectronics/stm32cubeide/stm32cubeide/plugins/com.st.stm32cube.ide.mcu.externaltools.gnu-tools-for-stm32.7-2018-q2-update.win32_1.0.0.201904181610/tools/bin/../lib/gcc/arm-none-eabi/7.3.1/../../../../arm-none-eabi/lib/thumb/v7e-m/fpv4-sp/hard\libc_nano.a(lib_a-nano-callocr.o)
 .ARM.attributes
                0x0000000000000674       0x34 s:/stmicroelectronics/stm32cubeide/stm32cubeide/plugins/com.st.stm32cube.ide.mcu.externaltools.gnu-tools-for-stm32.7-2018-q2-update.win32_1.0.0.201904181610/tools/bin/../lib/gcc/arm-none-eabi/7.3.1/../../../../arm-none-eabi/lib/thumb/v7e-m/fpv4-sp/hard\libc_nano.a(lib_a-nano-freer.o)
 .ARM.attributes
                0x00000000000006a8       0x34 s:/stmicroelectronics/stm32cubeide/stm32cubeide/plugins/com.st.stm32cube.ide.mcu.externaltools.gnu-tools-for-stm32.7-2018-q2-update.win32_1.0.0.201904181610/tools/bin/../lib/gcc/arm-none-eabi/7.3.1/../../../../arm-none-eabi/lib/thumb/v7e-m/fpv4-sp/hard\libc_nano.a(lib_a-nano-mallocr.o)
 .ARM.attributes
                0x00000000000006dc       0x34 s:/stmicroelectronics/stm32cubeide/stm32cubeide/plugins/com.st.stm32cube.ide.mcu.externaltools.gnu-tools-for-stm32.7-2018-q2-update.win32_1.0.0.201904181610/tools/bin/../lib/gcc/arm-none-eabi/7.3.1/../../../../arm-none-eabi/lib/thumb/v7e-m/fpv4-sp/hard\libc_nano.a(lib_a-nano-svfprintf.o)
 .ARM.attributes
                0x0000000000000710       0x34 s:/stmicroelectronics/stm32cubeide/stm32cubeide/plugins/com.st.stm32cube.ide.mcu.externaltools.gnu-tools-for-stm32.7-2018-q2-update.win32_1.0.0.201904181610/tools/bin/../lib/gcc/arm-none-eabi/7.3.1/../../../../arm-none-eabi/lib/thumb/v7e-m/fpv4-sp/hard\libc_nano.a(lib_a-sbrkr.o)
 .ARM.attributes
                0x0000000000000744       0x34 s:/stmicroelectronics/stm32cubeide/stm32cubeide/plugins/com.st.stm32cube.ide.mcu.externaltools.gnu-tools-for-stm32.7-2018-q2-update.win32_1.0.0.201904181610/tools/bin/../lib/gcc/arm-none-eabi/7.3.1/../../../../arm-none-eabi/lib/thumb/v7e-m/fpv4-sp/hard\libc_nano.a(lib_a-locale.o)
 .ARM.attributes
                0x0000000000000778       0x34 s:/stmicroelectronics/stm32cubeide/stm32cubeide/plugins/com.st.stm32cube.ide.mcu.externaltools.gnu-tools-for-stm32.7-2018-q2-update.win32_1.0.0.201904181610/tools/bin/../lib/gcc/arm-none-eabi/7.3.1/../../../../arm-none-eabi/lib/thumb/v7e-m/fpv4-sp/hard\libc_nano.a(lib_a-mbtowc_r.o)
 .ARM.attributes
                0x00000000000007ac       0x34 s:/stmicroelectronics/stm32cubeide/stm32cubeide/plugins/com.st.stm32cube.ide.mcu.externaltools.gnu-tools-for-stm32.7-2018-q2-update.win32_1.0.0.201904181610/tools/bin/../lib/gcc/arm-none-eabi/7.3.1/../../../../arm-none-eabi/lib/thumb/v7e-m/fpv4-sp/hard\libc_nano.a(lib_a-memmove.o)
 .ARM.attributes
                0x00000000000007e0       0x34 s:/stmicroelectronics/stm32cubeide/stm32cubeide/plugins/com.st.stm32cube.ide.mcu.externaltools.gnu-tools-for-stm32.7-2018-q2-update.win32_1.0.0.201904181610/tools/bin/../lib/gcc/arm-none-eabi/7.3.1/../../../../arm-none-eabi/lib/thumb/v7e-m/fpv4-sp/hard\libc_nano.a(lib_a-mlock.o)
 .ARM.attributes
                0x0000000000000814       0x34 s:/stmicroelectronics/stm32cubeide/stm32cubeide/plugins/com.st.stm32cube.ide.mcu.externaltools.gnu-tools-for-stm32.7-2018-q2-update.win32_1.0.0.201904181610/tools/bin/../lib/gcc/arm-none-eabi/7.3.1/../../../../arm-none-eabi/lib/thumb/v7e-m/fpv4-sp/hard\libc_nano.a(lib_a-nano-reallocr.o)
 .ARM.attributes
                0x0000000000000848       0x34 s:/stmicroelectronics/stm32cubeide/stm32cubeide/plugins/com.st.stm32cube.ide.mcu.externaltools.gnu-tools-for-stm32.7-2018-q2-update.win32_1.0.0.201904181610/tools/bin/../lib/gcc/arm-none-eabi/7.3.1/../../../../arm-none-eabi/lib/thumb/v7e-m/fpv4-sp/hard\libc_nano.a(lib_a-reent.o)
 .ARM.attributes
                0x000000000000087c       0x34 s:/stmicroelectronics/stm32cubeide/stm32cubeide/plugins/com.st.stm32cube.ide.mcu.externaltools.gnu-tools-for-stm32.7-2018-q2-update.win32_1.0.0.201904181610/tools/bin/../lib/gcc/arm-none-eabi/7.3.1/../../../../arm-none-eabi/lib/thumb/v7e-m/fpv4-sp/hard\libc_nano.a(lib_a-wctomb_r.o)
 .ARM.attributes
                0x00000000000008b0       0x34 s:/stmicroelectronics/stm32cubeide/stm32cubeide/plugins/com.st.stm32cube.ide.mcu.externaltools.gnu-tools-for-stm32.7-2018-q2-update.win32_1.0.0.201904181610/tools/bin/../lib/gcc/arm-none-eabi/7.3.1/../../../../arm-none-eabi/lib/thumb/v7e-m/fpv4-sp/hard\libc_nano.a(lib_a-ctype_.o)
 .ARM.attributes
                0x00000000000008e4       0x34 s:/stmicroelectronics/stm32cubeide/stm32cubeide/plugins/com.st.stm32cube.ide.mcu.externaltools.gnu-tools-for-stm32.7-2018-q2-update.win32_1.0.0.201904181610/tools/bin/../lib/gcc/arm-none-eabi/7.3.1/../../../../arm-none-eabi/lib/thumb/v7e-m/fpv4-sp/hard\libc_nano.a(lib_a-nano-msizer.o)
 .ARM.attributes
                0x0000000000000918       0x22 s:/stmicroelectronics/stm32cubeide/stm32cubeide/plugins/com.st.stm32cube.ide.mcu.externaltools.gnu-tools-for-stm32.7-2018-q2-update.win32_1.0.0.201904181610/tools/bin/../lib/gcc/arm-none-eabi/7.3.1/thumb/v7e-m/fpv4-sp/hard\libgcc.a(_arm_addsubdf3.o)
 .ARM.attributes
                0x000000000000093a       0x22 s:/stmicroelectronics/stm32cubeide/stm32cubeide/plugins/com.st.stm32cube.ide.mcu.externaltools.gnu-tools-for-stm32.7-2018-q2-update.win32_1.0.0.201904181610/tools/bin/../lib/gcc/arm-none-eabi/7.3.1/thumb/v7e-m/fpv4-sp/hard\libgcc.a(_arm_muldivdf3.o)
 .ARM.attributes
                0x000000000000095c       0x22 s:/stmicroelectronics/stm32cubeide/stm32cubeide/plugins/com.st.stm32cube.ide.mcu.externaltools.gnu-tools-for-stm32.7-2018-q2-update.win32_1.0.0.201904181610/tools/bin/../lib/gcc/arm-none-eabi/7.3.1/thumb/v7e-m/fpv4-sp/hard\libgcc.a(_arm_cmpdf2.o)
 .ARM.attributes
                0x000000000000097e       0x22 s:/stmicroelectronics/stm32cubeide/stm32cubeide/plugins/com.st.stm32cube.ide.mcu.externaltools.gnu-tools-for-stm32.7-2018-q2-update.win32_1.0.0.201904181610/tools/bin/../lib/gcc/arm-none-eabi/7.3.1/thumb/v7e-m/fpv4-sp/hard\libgcc.a(_arm_unorddf2.o)
 .ARM.attributes
                0x00000000000009a0       0x22 s:/stmicroelectronics/stm32cubeide/stm32cubeide/plugins/com.st.stm32cube.ide.mcu.externaltools.gnu-tools-for-stm32.7-2018-q2-update.win32_1.0.0.201904181610/tools/bin/../lib/gcc/arm-none-eabi/7.3.1/thumb/v7e-m/fpv4-sp/hard\libgcc.a(_arm_fixdfsi.o)
 .ARM.attributes
                0x00000000000009c2       0x22 s:/stmicroelectronics/stm32cubeide/stm32cubeide/plugins/com.st.stm32cube.ide.mcu.externaltools.gnu-tools-for-stm32.7-2018-q2-update.win32_1.0.0.201904181610/tools/bin/../lib/gcc/arm-none-eabi/7.3.1/thumb/v7e-m/fpv4-sp/hard\libgcc.a(_aeabi_uldivmod.o)
 .ARM.attributes
                0x00000000000009e4       0x34 s:/stmicroelectronics/stm32cubeide/stm32cubeide/plugins/com.st.stm32cube.ide.mcu.externaltools.gnu-tools-for-stm32.7-2018-q2-update.win32_1.0.0.201904181610/tools/bin/../lib/gcc/arm-none-eabi/7.3.1/thumb/v7e-m/fpv4-sp/hard\libgcc.a(_udivmoddi4.o)
 .ARM.attributes
                0x0000000000000a18       0x22 s:/stmicroelectronics/stm32cubeide/stm32cubeide/plugins/com.st.stm32cube.ide.mcu.externaltools.gnu-tools-for-stm32.7-2018-q2-update.win32_1.0.0.201904181610/tools/bin/../lib/gcc/arm-none-eabi/7.3.1/thumb/v7e-m/fpv4-sp/hard\libgcc.a(_dvmd_tls.o)
 .ARM.attributes
                0x0000000000000a3a       0x22 s:/stmicroelectronics/stm32cubeide/stm32cubeide/plugins/com.st.stm32cube.ide.mcu.externaltools.gnu-tools-for-stm32.7-2018-q2-update.win32_1.0.0.201904181610/tools/bin/../lib/gcc/arm-none-eabi/7.3.1/thumb/v7e-m/fpv4-sp/hard/crtn.o
OUTPUT(WORK.elf elf32-littlearm)

.debug_info     0x0000000000000000     0xdbfb
 .debug_info    0x0000000000000000     0x1768 Core/Src/ST7920_lib.o
 .debug_info    0x0000000000001768     0x1f22 Core/Src/main.o
 .debug_info    0x000000000000368a      0xf7b Core/Src/stm32f4xx_hal_msp.o
 .debug_info    0x0000000000004605      0x99c Core/Src/stm32f4xx_it.o
 .debug_info    0x0000000000004fa1      0x91c Core/Src/sysmem.o
 .debug_info    0x00000000000058bd      0x554 Core/Src/system_stm32f4xx.o
 .debug_info    0x0000000000005e11       0x22 Core/Startup/startup_stm32f407vetx.o
 .debug_info    0x0000000000005e33      0x945 Drivers/STM32F4xx_HAL_Driver/Src/stm32f4xx_hal.o
 .debug_info    0x0000000000006778      0xe28 Drivers/STM32F4xx_HAL_Driver/Src/stm32f4xx_hal_cortex.o
 .debug_info    0x00000000000075a0      0x968 Drivers/STM32F4xx_HAL_Driver/Src/stm32f4xx_hal_dma.o
 .debug_info    0x0000000000007f08      0x7b5 Drivers/STM32F4xx_HAL_Driver/Src/stm32f4xx_hal_gpio.o
 .debug_info    0x00000000000086bd      0x904 Drivers/STM32F4xx_HAL_Driver/Src/stm32f4xx_hal_rcc.o
 .debug_info    0x0000000000008fc1     0x163a Drivers/STM32F4xx_HAL_Driver/Src/stm32f4xx_hal_spi.o
 .debug_info    0x000000000000a5fb     0x24a9 Drivers/STM32F4xx_HAL_Driver/Src/stm32f4xx_hal_tim.o
 .debug_info    0x000000000000caa4     0x1157 Drivers/STM32F4xx_HAL_Driver/Src/stm32f4xx_hal_tim_ex.o

.debug_abbrev   0x0000000000000000     0x1d2c
 .debug_abbrev  0x0000000000000000      0x2c5 Core/Src/ST7920_lib.o
 .debug_abbrev  0x00000000000002c5      0x2b1 Core/Src/main.o
 .debug_abbrev  0x0000000000000576      0x1cf Core/Src/stm32f4xx_hal_msp.o
 .debug_abbrev  0x0000000000000745      0x169 Core/Src/stm32f4xx_it.o
 .debug_abbrev  0x00000000000008ae      0x1bb Core/Src/sysmem.o
 .debug_abbrev  0x0000000000000a69      0x12b Core/Src/system_stm32f4xx.o
 .debug_abbrev  0x0000000000000b94       0x12 Core/Startup/startup_stm32f407vetx.o
 .debug_abbrev  0x0000000000000ba6      0x1c7 Drivers/STM32F4xx_HAL_Driver/Src/stm32f4xx_hal.o
 .debug_abbrev  0x0000000000000d6d      0x2fa Drivers/STM32F4xx_HAL_Driver/Src/stm32f4xx_hal_cortex.o
 .debug_abbrev  0x0000000000001067      0x229 Drivers/STM32F4xx_HAL_Driver/Src/stm32f4xx_hal_dma.o
 .debug_abbrev  0x0000000000001290      0x1c9 Drivers/STM32F4xx_HAL_Driver/Src/stm32f4xx_hal_gpio.o
 .debug_abbrev  0x0000000000001459      0x245 Drivers/STM32F4xx_HAL_Driver/Src/stm32f4xx_hal_rcc.o
 .debug_abbrev  0x000000000000169e      0x240 Drivers/STM32F4xx_HAL_Driver/Src/stm32f4xx_hal_spi.o
 .debug_abbrev  0x00000000000018de      0x230 Drivers/STM32F4xx_HAL_Driver/Src/stm32f4xx_hal_tim.o
 .debug_abbrev  0x0000000000001b0e      0x21e Drivers/STM32F4xx_HAL_Driver/Src/stm32f4xx_hal_tim_ex.o

.debug_aranges  0x0000000000000000      0xcf8
 .debug_aranges
                0x0000000000000000       0xc8 Core/Src/ST7920_lib.o
 .debug_aranges
                0x00000000000000c8       0xc0 Core/Src/main.o
 .debug_aranges
                0x0000000000000188       0x48 Core/Src/stm32f4xx_hal_msp.o
 .debug_aranges
                0x00000000000001d0       0x78 Core/Src/stm32f4xx_it.o
 .debug_aranges
                0x0000000000000248       0x20 Core/Src/sysmem.o
 .debug_aranges
                0x0000000000000268       0x28 Core/Src/system_stm32f4xx.o
 .debug_aranges
                0x0000000000000290       0x28 Core/Startup/startup_stm32f407vetx.o
 .debug_aranges
                0x00000000000002b8       0xf0 Drivers/STM32F4xx_HAL_Driver/Src/stm32f4xx_hal.o
 .debug_aranges
                0x00000000000003a8      0x118 Drivers/STM32F4xx_HAL_Driver/Src/stm32f4xx_hal_cortex.o
 .debug_aranges
                0x00000000000004c0       0x90 Drivers/STM32F4xx_HAL_Driver/Src/stm32f4xx_hal_dma.o
 .debug_aranges
                0x0000000000000550       0x58 Drivers/STM32F4xx_HAL_Driver/Src/stm32f4xx_hal_gpio.o
 .debug_aranges
                0x00000000000005a8       0x88 Drivers/STM32F4xx_HAL_Driver/Src/stm32f4xx_hal_rcc.o
 .debug_aranges
                0x0000000000000630      0x1d0 Drivers/STM32F4xx_HAL_Driver/Src/stm32f4xx_hal_spi.o
 .debug_aranges
                0x0000000000000800      0x3a8 Drivers/STM32F4xx_HAL_Driver/Src/stm32f4xx_hal_tim.o
 .debug_aranges
                0x0000000000000ba8      0x150 Drivers/STM32F4xx_HAL_Driver/Src/stm32f4xx_hal_tim_ex.o

.debug_ranges   0x0000000000000000      0xc28
 .debug_ranges  0x0000000000000000       0xd0 Core/Src/ST7920_lib.o
 .debug_ranges  0x00000000000000d0       0xb0 Core/Src/main.o
 .debug_ranges  0x0000000000000180       0x38 Core/Src/stm32f4xx_hal_msp.o
 .debug_ranges  0x00000000000001b8       0x68 Core/Src/stm32f4xx_it.o
 .debug_ranges  0x0000000000000220       0x10 Core/Src/sysmem.o
 .debug_ranges  0x0000000000000230       0x18 Core/Src/system_stm32f4xx.o
 .debug_ranges  0x0000000000000248       0x20 Core/Startup/startup_stm32f407vetx.o
 .debug_ranges  0x0000000000000268       0xe0 Drivers/STM32F4xx_HAL_Driver/Src/stm32f4xx_hal.o
 .debug_ranges  0x0000000000000348      0x108 Drivers/STM32F4xx_HAL_Driver/Src/stm32f4xx_hal_cortex.o
 .debug_ranges  0x0000000000000450       0x80 Drivers/STM32F4xx_HAL_Driver/Src/stm32f4xx_hal_dma.o
 .debug_ranges  0x00000000000004d0       0x48 Drivers/STM32F4xx_HAL_Driver/Src/stm32f4xx_hal_gpio.o
 .debug_ranges  0x0000000000000518       0x78 Drivers/STM32F4xx_HAL_Driver/Src/stm32f4xx_hal_rcc.o
 .debug_ranges  0x0000000000000590      0x1c0 Drivers/STM32F4xx_HAL_Driver/Src/stm32f4xx_hal_spi.o
 .debug_ranges  0x0000000000000750      0x398 Drivers/STM32F4xx_HAL_Driver/Src/stm32f4xx_hal_tim.o
 .debug_ranges  0x0000000000000ae8      0x140 Drivers/STM32F4xx_HAL_Driver/Src/stm32f4xx_hal_tim_ex.o

.debug_macro    0x0000000000000000    0x21473
 .debug_macro   0x0000000000000000      0x395 Core/Src/ST7920_lib.o
 .debug_macro   0x0000000000000395      0xa5a Core/Src/ST7920_lib.o
 .debug_macro   0x0000000000000def      0x18a Core/Src/ST7920_lib.o
 .debug_macro   0x0000000000000f79       0x2e Core/Src/ST7920_lib.o
 .debug_macro   0x0000000000000fa7       0x2f Core/Src/ST7920_lib.o
 .debug_macro   0x0000000000000fd6       0x22 Core/Src/ST7920_lib.o
 .debug_macro   0x0000000000000ff8       0x8e Core/Src/ST7920_lib.o
 .debug_macro   0x0000000000001086       0x51 Core/Src/ST7920_lib.o
 .debug_macro   0x00000000000010d7       0xef Core/Src/ST7920_lib.o
 .debug_macro   0x00000000000011c6       0x6a Core/Src/ST7920_lib.o
 .debug_macro   0x0000000000001230      0x1df Core/Src/ST7920_lib.o
 .debug_macro   0x000000000000140f       0x1c Core/Src/ST7920_lib.o
 .debug_macro   0x000000000000142b       0x22 Core/Src/ST7920_lib.o
 .debug_macro   0x000000000000144d       0xdf Core/Src/ST7920_lib.o
 .debug_macro   0x000000000000152c     0x102d Core/Src/ST7920_lib.o
 .debug_macro   0x0000000000002559      0x11f Core/Src/ST7920_lib.o
 .debug_macro   0x0000000000002678    0x15e3c Core/Src/ST7920_lib.o
 .debug_macro   0x00000000000184b4       0x43 Core/Src/ST7920_lib.o
 .debug_macro   0x00000000000184f7     0x3659 Core/Src/ST7920_lib.o
 .debug_macro   0x000000000001bb50      0x174 Core/Src/ST7920_lib.o
 .debug_macro   0x000000000001bcc4       0x5a Core/Src/ST7920_lib.o
 .debug_macro   0x000000000001bd1e      0x96b Core/Src/ST7920_lib.o
 .debug_macro   0x000000000001c689      0x9fe Core/Src/ST7920_lib.o
 .debug_macro   0x000000000001d087      0x174 Core/Src/ST7920_lib.o
 .debug_macro   0x000000000001d1fb      0x117 Core/Src/ST7920_lib.o
 .debug_macro   0x000000000001d312      0x13e Core/Src/ST7920_lib.o
 .debug_macro   0x000000000001d450       0x27 Core/Src/ST7920_lib.o
 .debug_macro   0x000000000001d477      0x287 Core/Src/ST7920_lib.o
 .debug_macro   0x000000000001d6fe       0x5f Core/Src/ST7920_lib.o
 .debug_macro   0x000000000001d75d      0x236 Core/Src/ST7920_lib.o
 .debug_macro   0x000000000001d993      0x12c Core/Src/ST7920_lib.o
 .debug_macro   0x000000000001dabf      0x21e Core/Src/ST7920_lib.o
 .debug_macro   0x000000000001dcdd       0x2e Core/Src/ST7920_lib.o
 .debug_macro   0x000000000001dd0b      0x11a Core/Src/ST7920_lib.o
 .debug_macro   0x000000000001de25       0x7e Core/Src/ST7920_lib.o
 .debug_macro   0x000000000001dea3       0x89 Core/Src/ST7920_lib.o
 .debug_macro   0x000000000001df2c      0x225 Core/Src/ST7920_lib.o
 .debug_macro   0x000000000001e151      0x8a0 Core/Src/ST7920_lib.o
 .debug_macro   0x000000000001e9f1       0x47 Core/Src/ST7920_lib.o
 .debug_macro   0x000000000001ea38      0x12d Core/Src/ST7920_lib.o
 .debug_macro   0x000000000001eb65      0x178 Core/Src/ST7920_lib.o
 .debug_macro   0x000000000001ecdd       0x46 Core/Src/ST7920_lib.o
 .debug_macro   0x000000000001ed23       0x18 Core/Src/ST7920_lib.o
 .debug_macro   0x000000000001ed3b       0x3c Core/Src/ST7920_lib.o
 .debug_macro   0x000000000001ed77       0x34 Core/Src/ST7920_lib.o
 .debug_macro   0x000000000001edab       0x16 Core/Src/ST7920_lib.o
 .debug_macro   0x000000000001edc1       0x35 Core/Src/ST7920_lib.o
 .debug_macro   0x000000000001edf6      0x32a Core/Src/ST7920_lib.o
 .debug_macro   0x000000000001f120       0x10 Core/Src/ST7920_lib.o
 .debug_macro   0x000000000001f130       0x52 Core/Src/ST7920_lib.o
 .debug_macro   0x000000000001f182       0x1f Core/Src/ST7920_lib.o
 .debug_macro   0x000000000001f1a1       0x43 Core/Src/ST7920_lib.o
 .debug_macro   0x000000000001f1e4       0x20 Core/Src/ST7920_lib.o
 .debug_macro   0x000000000001f204      0x1a3 Core/Src/ST7920_lib.o
 .debug_macro   0x000000000001f3a7       0x10 Core/Src/ST7920_lib.o
 .debug_macro   0x000000000001f3b7       0x1c Core/Src/ST7920_lib.o
 .debug_macro   0x000000000001f3d3       0x52 Core/Src/ST7920_lib.o
 .debug_macro   0x000000000001f425       0x40 Core/Src/ST7920_lib.o
 .debug_macro   0x000000000001f465       0x10 Core/Src/ST7920_lib.o
 .debug_macro   0x000000000001f475       0x40 Core/Src/ST7920_lib.o
 .debug_macro   0x000000000001f4b5       0xd7 Core/Src/ST7920_lib.o
 .debug_macro   0x000000000001f58c       0x1c Core/Src/ST7920_lib.o
 .debug_macro   0x000000000001f5a8       0x3d Core/Src/ST7920_lib.o
 .debug_macro   0x000000000001f5e5       0x16 Core/Src/ST7920_lib.o
 .debug_macro   0x000000000001f5fb      0x145 Core/Src/ST7920_lib.o
 .debug_macro   0x000000000001f740       0x22 Core/Src/ST7920_lib.o
 .debug_macro   0x000000000001f762       0x16 Core/Src/ST7920_lib.o
 .debug_macro   0x000000000001f778       0x20 Core/Src/ST7920_lib.o
 .debug_macro   0x000000000001f798      0x41a Core/Src/main.o
 .debug_macro   0x000000000001fbb2      0x1dd Core/Src/stm32f4xx_hal_msp.o
 .debug_macro   0x000000000001fd8f      0x1e7 Core/Src/stm32f4xx_it.o
 .debug_macro   0x000000000001ff76      0x1ae Core/Src/sysmem.o
 .debug_macro   0x0000000000020124      0x23b Core/Src/sysmem.o
 .debug_macro   0x000000000002035f      0x1d4 Core/Src/system_stm32f4xx.o
 .debug_macro   0x0000000000020533      0x22e Drivers/STM32F4xx_HAL_Driver/Src/stm32f4xx_hal.o
 .debug_macro   0x0000000000020761      0x1ce Drivers/STM32F4xx_HAL_Driver/Src/stm32f4xx_hal_cortex.o
 .debug_macro   0x000000000002092f      0x1d4 Drivers/STM32F4xx_HAL_Driver/Src/stm32f4xx_hal_dma.o
 .debug_macro   0x0000000000020b03      0x204 Drivers/STM32F4xx_HAL_Driver/Src/stm32f4xx_hal_gpio.o